Component: ARM Compiler 6.14 Tool: armlink [5db06800]

==============================================================================

Section Cross References

    startup_stm32h743xx.o(STACK) refers (Special) to heapauxi.o(.text) for __use_two_region_memory
    startup_stm32h743xx.o(HEAP) refers (Special) to heapauxi.o(.text) for __use_two_region_memory
    startup_stm32h743xx.o(RESET) refers (Special) to heapauxi.o(.text) for __use_two_region_memory
    startup_stm32h743xx.o(RESET) refers to startup_stm32h743xx.o(STACK) for __initial_sp
    startup_stm32h743xx.o(RESET) refers to startup_stm32h743xx.o(.text) for Reset_Handler
    startup_stm32h743xx.o(RESET) refers to stm32h7xx_it.o(.text.NMI_Handler) for NMI_Handler
    startup_stm32h743xx.o(RESET) refers to stm32h7xx_it.o(.text.HardFault_Handler) for HardFault_Handler
    startup_stm32h743xx.o(RESET) refers to stm32h7xx_it.o(.text.MemManage_Handler) for MemManage_Handler
    startup_stm32h743xx.o(RESET) refers to stm32h7xx_it.o(.text.BusFault_Handler) for BusFault_Handler
    startup_stm32h743xx.o(RESET) refers to stm32h7xx_it.o(.text.UsageFault_Handler) for UsageFault_Handler
    startup_stm32h743xx.o(RESET) refers to stm32h7xx_it.o(.text.SVC_Handler) for SVC_Handler
    startup_stm32h743xx.o(RESET) refers to stm32h7xx_it.o(.text.DebugMon_Handler) for DebugMon_Handler
    startup_stm32h743xx.o(RESET) refers to stm32h7xx_it.o(.text.PendSV_Handler) for PendSV_Handler
    startup_stm32h743xx.o(RESET) refers to stm32h7xx_it.o(.text.SysTick_Handler) for SysTick_Handler
    startup_stm32h743xx.o(RESET) refers to stm32h7xx_it.o(.text.SPI3_IRQHandler) for SPI3_IRQHandler
    startup_stm32h743xx.o(RESET) refers to stm32h7xx_it.o(.text.I2C3_EV_IRQHandler) for I2C3_EV_IRQHandler
    startup_stm32h743xx.o(RESET) refers to stm32h7xx_it.o(.text.I2C3_ER_IRQHandler) for I2C3_ER_IRQHandler
    startup_stm32h743xx.o(.text) refers (Special) to heapauxi.o(.text) for __use_two_region_memory
    startup_stm32h743xx.o(.text) refers to system_stm32h7xx.o(.text.SystemInit) for SystemInit
    startup_stm32h743xx.o(.text) refers to __main.o(!!!main) for __main
    startup_stm32h743xx.o(.text) refers to startup_stm32h743xx.o(HEAP) for Heap_Mem
    startup_stm32h743xx.o(.text) refers to startup_stm32h743xx.o(STACK) for Stack_Mem
    ade7978.o(.text.ade7978_init) refers to stm32h7xx_hal_gpio.o(.text.HAL_GPIO_ReadPin) for HAL_GPIO_ReadPin
    ade7978.o(.text.ade7978_init) refers to stm32h7xx_hal.o(.text.HAL_Delay) for HAL_Delay
    ade7978.o(.text.ade7978_init) refers to stm32h7xx_hal_gpio.o(.text.HAL_GPIO_WritePin) for HAL_GPIO_WritePin
    ade7978.o(.text.ade7978_init) refers to ade7978.o(.text.ade7978_read_validation) for ade7978_read_validation
    ade7978.o(.text.ade7978_init) refers to ade7978.o(.text.ade7978_write_validation) for ade7978_write_validation
    ade7978.o(.text.ade7978_init) refers to ade7978.o(.text.ade7978_HSDC_init_start) for ade7978_HSDC_init_start
    ade7978.o(.text.ade7978_init) refers to ade7978.o(.text.ade7978_dsp_ram_init) for ade7978_dsp_ram_init
    ade7978.o(.text.ade7978_init) refers to ade7978.o(.text.ade7978_DSP_start) for ade7978_DSP_start
    ade7978.o(.text.ade7978_init) refers to ade7978.o(.text.ade7978_energy_reg_read) for ade7978_energy_reg_read
    ade7978.o(.text.ade7978_init) refers to ade7978.o(.text.ade7978_cfmode_clear) for ade7978_cfmode_clear
    ade7978.o(.text.ade7978_init) refers to spi.o(.bss.hspi3) for hspi3
    ade7978.o(.text.ade7978_init) refers to ade7978.o(.bss.hsdc_value) for hsdc_value
    ade7978.o(.text.ade7978_init) refers to stm32h7xx_hal_spi.o(.text.HAL_SPI_Receive_IT) for HAL_SPI_Receive_IT
    ade7978.o(.ARM.exidx.text.ade7978_init) refers to ade7978.o(.text.ade7978_init) for [Anonymous Symbol]
    ade7978.o(.text.ade7978_read_validation) refers to ade7978.o(.text.ade7978_mem_read) for ade7978_mem_read
    ade7978.o(.text.ade7978_read_validation) refers to ade7978.o(.text.data_mirror) for data_mirror
    ade7978.o(.ARM.exidx.text.ade7978_read_validation) refers to ade7978.o(.text.ade7978_read_validation) for [Anonymous Symbol]
    ade7978.o(.text.ade7978_write_validation) refers to ade7978.o(.text.data_mirror) for data_mirror
    ade7978.o(.text.ade7978_write_validation) refers to ade7978.o(.text.ade7978_mem_write) for ade7978_mem_write
    ade7978.o(.text.ade7978_write_validation) refers to ade7978.o(.text.ade7978_mem_read) for ade7978_mem_read
    ade7978.o(.ARM.exidx.text.ade7978_write_validation) refers to ade7978.o(.text.ade7978_write_validation) for [Anonymous Symbol]
    ade7978.o(.text.ade7978_HSDC_init_start) refers to ade7978.o(.text.ade7978_write_validation) for ade7978_write_validation
    ade7978.o(.text.ade7978_HSDC_init_start) refers to ade7978.o(.text.ade7978_read_validation) for ade7978_read_validation
    ade7978.o(.ARM.exidx.text.ade7978_HSDC_init_start) refers to ade7978.o(.text.ade7978_HSDC_init_start) for [Anonymous Symbol]
[...]
    RESET                                    0x08000000   Section      664  startup_stm32h743xx.o(RESET)
    !!!main                                  0x08000298   Section        8  __main.o(!!!main)
    !!!scatter                               0x080002a0   Section       52  __scatter.o(!!!scatter)
    !!handler_copy                           0x080002d4   Section       26  __scatter_copy.o(!!handler_copy)
    !!handler_zi                             0x080002f0   Section       28  __scatter_zi.o(!!handler_zi)
    .ARM.Collect$$libinit$$00000000          0x0800030c   Section        2  libinit.o(.ARM.Collect$$libinit$$00000000)
    .ARM.Collect$$libinit$$00000001          0x0800030e   Section        4  libinit2.o(.ARM.Collect$$libinit$$00000001)
    .ARM.Collect$$libinit$$00000004          0x08000312   Section        0  libinit2.o(.ARM.Collect$$libinit$$00000004)
    .ARM.Collect$$libinit$$0000000A          0x08000312   Section        0  libinit2.o(.ARM.Collect$$libinit$$0000000A)
    .ARM.Collect$$libinit$$0000000C          0x08000312   Section        0  libinit2.o(.ARM.Collect$$libinit$$0000000C)
    .ARM.Collect$$libinit$$0000000E          0x08000312   Section        0  libinit2.o(.ARM.Collect$$libinit$$0000000E)
    .ARM.Collect$$libinit$$00000011          0x08000312   Section        0  libinit2.o(.ARM.Collect$$libinit$$00000011)
    .ARM.Collect$$libinit$$00000013          0x08000312   Section        0  libinit2.o(.ARM.Collect$$libinit$$00000013)
    .ARM.Collect$$libinit$$00000015          0x08000312   Section        0  libinit2.o(.ARM.Collect$$libinit$$00000015)
    .ARM.Collect$$libinit$$00000017          0x08000312   Section        0  libinit2.o(.ARM.Collect$$libinit$$00000017)
    .ARM.Collect$$libinit$$00000019          0x08000312   Section        0  libinit2.o(.ARM.Collect$$libinit$$00000019)
    .ARM.Collect$$libinit$$0000001B          0x08000312   Section        0  libinit2.o(.ARM.Collect$$libinit$$0000001B)
    .ARM.Collect$$libinit$$0000001D          0x08000312   Section        0  libinit2.o(.ARM.Collect$$libinit$$0000001D)
    .ARM.Collect$$libinit$$0000001F          0x08000312   Section        0  libinit2.o(.ARM.Collect$$libinit$$0000001F)
    .ARM.Collect$$libinit$$00000021          0x08000312   Section        0  libinit2.o(.ARM.Collect$$libinit$$00000021)
    .ARM.Collect$$libinit$$00000023          0x08000312   Section        0  libinit2.o(.ARM.Collect$$libinit$$00000023)
    .ARM.Collect$$libinit$$00000025          0x08000312   Section        0  libinit2.o(.ARM.Collect$$libinit$$00000025)
    .ARM.Collect$$libinit$$0000002C          0x08000312   Section        0  libinit2.o(.ARM.Collect$$libinit$$0000002C)
    .ARM.Collect$$libinit$$0000002E          0x08000312   Section        0  libinit2.o(.ARM.Collect$$libinit$$0000002E)
    .ARM.Collect$$libinit$$00000030          0x08000312   Section        0  libinit2.o(.ARM.Collect$$libinit$$00000030)
    .ARM.Collect$$libinit$$00000032          0x08000312   Section        0  libinit2.o(.ARM.Collect$$libinit$$00000032)
    .ARM.Collect$$libinit$$00000033          0x08000312   Section        2  libinit2.o(.ARM.Collect$$libinit$$00000033)
    .ARM.Collect$$libshutdown$$00000000      0x08000314   Section        2  libshutdown.o(.ARM.Collect$$libshutdown$$00000000)
    .ARM.Collect$$libshutdown$$00000002      0x08000316   Section        0  libshutdown2.o(.ARM.Collect$$libshutdown$$00000002)
    .ARM.Collect$$libshutdown$$00000004      0x08000316   Section        0  libshutdown2.o(.ARM.Collect$$libshutdown$$00000004)
    .ARM.Collect$$libshutdown$$00000007      0x08000316   Section        0  libshutdown2.o(.ARM.Collect$$libshutdown$$00000007)
    .ARM.Collect$$libshutdown$$0000000A      0x08000316   Section        0  libshutdown2.o(.ARM.Collect$$libshutdown$$0000000A)
    .ARM.Collect$$libshutdown$$0000000C      0x08000316   Section        0  libshutdown2.o(.ARM.Collect$$libshutdown$$0000000C)
    .ARM.Collect$$libshutdown$$0000000F      0x08000316   Section        0  libshutdown2.o(.ARM.Collect$$libshutdown$$0000000F)
    .ARM.Collect$$libshutdown$$00000010      0x08000316   Section        2  libshutdown2.o(.ARM.Collect$$libshutdown$$00000010)
    .ARM.Collect$$rtentry$$00000000          0x08000318   Section        0  __rtentry.o(.ARM.Collect$$rtentry$$00000000)
    .ARM.Collect$$rtentry$$00000002          0x08000318   Section        0  __rtentry2.o(.ARM.Collect$$rtentry$$00000002)
    .ARM.Collect$$rtentry$$00000004          0x08000318   Section        6  __rtentry4.o(.ARM.Collect$$rtentry$$00000004)
    .ARM.Collect$$rtentry$$00000009          0x0800031e   Section        0  __rtentry2.o(.ARM.Collect$$rtentry$$00000009)
    .ARM.Collect$$rtentry$$0000000A          0x0800031e   Section        4  __rtentry2.o(.ARM.Collect$$rtentry$$0000000A)
    .ARM.Collect$$rtentry$$0000000C          0x08000322   Section        0  __rtentry2.o(.ARM.Collect$$rtentry$$0000000C)
    .ARM.Collect$$rtentry$$0000000D          0x08000322   Section        8  __rtentry2.o(.ARM.Collect$$rtentry$$0000000D)
    .ARM.Collect$$rtexit$$00000000           0x0800032a   Section        2  rtexit.o(.ARM.Collect$$rtexit$$00000000)
    .ARM.Collect$$rtexit$$00000002           0x0800032c   Section        0  rtexit2.o(.ARM.Collect$$rtexit$$00000002)
    .ARM.Collect$$rtexit$$00000003           0x0800032c   Section        4  rtexit2.o(.ARM.Collect$$rtexit$$00000003)
    .ARM.Collect$$rtexit$$00000004           0x08000330   Section        6  rtexit2.o(.ARM.Collect$$rtexit$$00000004)
    $v0                                      0x08000338   Number         0  startup_stm32h743xx.o(.text)
    .text                                    0x08000338   Section       64  startup_stm32h743xx.o(.text)
    .text                                    0x08000378   Section       78  rt_memclr_w.o(.text)
    .text                                    0x080003c6   Section        0  heapauxi.o(.text)
    .text                                    0x080003cc   Section       74  sys_stackheap_outer.o(.text)
    .text                                    0x08000416   Section        0  exit.o(.text)
    .text                                    0x08000428   Section        8  libspace.o(.text)
    .text                                    0x08000430   Section        0  sys_exit.o(.text)
    .text                                    0x0800043c   Section        2  use_no_semi.o(.text)
    .text                                    0x0800043e   Section        0  indicate_semi.o(.text)
    [Anonymous Symbol]                       0x08000440   Section        0  stm32h7xx_it.o(.text.BusFault_Handler)
    [Anonymous Symbol]                       0x08000448   Section        0  stm32h7xx_it.o(.text.DebugMon_Handler)
    [Anonymous Symbol]                       0x08000450   Section        0  main.o(.text.Error_Handler)
    [Anonymous Symbol]                       0x08000460   Section        0  stm32h7xx_hal_dma.o(.text.HAL_DMA_Abort_IT)
    [Anonymous Symbol]                       0x08000710   Section        0  stm32h7xx_hal_dma.o(.text.HAL_DMA_GetState)
    [Anonymous Symbol]                       0x08000718   Section        0  stm32h7xx_hal.o(.text.HAL_Delay)
    [Anonymous Symbol]                       0x08000740   Section        0  stm32h7xx_hal_gpio.o(.text.HAL_GPIO_Init)
    [Anonymous Symbol]                       0x080008e8   Section        0  stm32h7xx_hal_gpio.o(.text.HAL_GPIO_ReadPin)
    [Anonymous Symbol]                       0x080008f8   Section        0  stm32h7xx_hal_gpio.o(.text.HAL_GPIO_WritePin)
    [Anonymous Symbol]                       0x08000908   Section        0  stm32h7xx_hal.o(.text.HAL_GetREVID)
    [Anonymous Symbol]                       0x08000918   Section        0  stm32h7xx_hal.o(.text.HAL_GetTick)
    [Anonymous Symbol]                       0x08000928   Section        0  stm32h7xx_hal_i2c_ex.o(.text.HAL_I2CEx_ConfigAnalogFilter)
    [Anonymous Symbol]                       0x08000978   Section        0  stm32h7xx_hal_i2c_ex.o(.text.HAL_I2CEx_ConfigDigitalFilter)
    [Anonymous Symbol]                       0x080009c0   Section        0  stm32h7xx_hal_i2c.o(.text.HAL_I2C_AbortCpltCallback)
    [Anonymous Symbol]                       0x080009c8   Section        0  stm32h7xx_hal_i2c.o(.text.HAL_I2C_AddrCallback)
    [Anonymous Symbol]                       0x080009d0   Section        0  stm32h7xx_hal_i2c.o(.text.HAL_I2C_ER_IRQHandler)
    [Anonymous Symbol]                       0x08000a38   Section        0  stm32h7xx_hal_i2c.o(.text.HAL_I2C_EV_IRQHandler)
    [Anonymous Symbol]                       0x08000a50   Section        0  stm32h7xx_hal_i2c.o(.text.HAL_I2C_ErrorCallback)
    [Anonymous Symbol]                       0x08000a58   Section        0  stm32h7xx_hal_i2c.o(.text.HAL_I2C_Init)
    [Anonymous Symbol]                       0x08000b00   Section        0  stm32h7xx_hal_i2c.o(.text.HAL_I2C_ListenCpltCallback)
    [Anonymous Symbol]                       0x08000b08   Section        0  stm32h7xx_hal_i2c.o(.text.HAL_I2C_MasterRxCpltCallback)
    [Anonymous Symbol]                       0x08000b10   Section        0  stm32h7xx_hal_i2c.o(.text.HAL_I2C_MasterTxCpltCallback)
    [Anonymous Symbol]                       0x08000b18   Section        0  stm32h7xx_hal_i2c.o(.text.HAL_I2C_MemRxCpltCallback)
    [Anonymous Symbol]                       0x08000b20   Section        0  stm32h7xx_hal_i2c.o(.text.HAL_I2C_MemTxCpltCallback)
    [Anonymous Symbol]                       0x08000b28   Section        0  stm32h7xx_hal_i2c.o(.text.HAL_I2C_Mem_Read_IT)
    [Anonymous Symbol]                       0x08000c10   Section        0  stm32h7xx_hal_i2c.o(.text.HAL_I2C_Mem_Write_IT)
    [Anonymous Symbol]                       0x08000cf0   Section        0  i2c.o(.text.HAL_I2C_MspInit)
    [Anonymous Symbol]                       0x08000da0   Section        0  stm32h7xx_hal_i2c.o(.text.HAL_I2C_SlaveRxCpltCallback)
    [Anonymous Symbol]                       0x08000da8   Section        0  stm32h7xx_hal_i2c.o(.text.HAL_I2C_SlaveTxCpltCallback)
    [Anonymous Symbol]                       0x08000db0   Section        0  stm32h7xx_hal.o(.text.HAL_IncTick)
    [Anonymous Symbol]                       0x08000dd0   Section        0  stm32h7xx_hal.o(.text.HAL_Init)
    [Anonymous Symbol]                       0x08000e38   Section        0  stm32h7xx_hal.o(.text.HAL_InitTick)
    [Anonymous Symbol]                       0x08000e90   Section        0  stm32h7xx_hal_msp.o(.text.HAL_MspInit)
    [Anonymous Symbol]                       0x08000eb0   Section        0  stm32h7xx_hal_cortex.o(.text.HAL_NVIC_EnableIRQ)
    [Anonymous Symbol]                       0x08000eb8   Section        0  stm32h7xx_hal_cortex.o(.text.HAL_NVIC_SetPriority)
    [Anonymous Symbol]                       0x08000ed8   Section        0  stm32h7xx_hal_cortex.o(.text.HAL_NVIC_SetPriorityGrouping)
    [Anonymous Symbol]                       0x08000ee0   Section        0  stm32h7xx_hal_pwr_ex.o(.text.HAL_PWREx_ConfigSupply)
    [Anonymous Symbol]                       0x08000f28   Section        0  stm32h7xx_hal_rcc_ex.o(.text.HAL_RCCEx_PeriphCLKConfig)
    [Anonymous Symbol]                       0x08001888   Section        0  stm32h7xx_hal_rcc.o(.text.HAL_RCC_ClockConfig)
    [Anonymous Symbol]                       0x08001ad8   Section        0  stm32h7xx_hal_rcc.o(.text.HAL_RCC_GetSysClockFreq)
    [Anonymous Symbol]                       0x08001be0   Section        0  stm32h7xx_hal_rcc.o(.text.HAL_RCC_OscConfig)
    [Anonymous Symbol]                       0x080020a8   Section        0  stm32h7xx_hal_spi.o(.text.HAL_SPI_ErrorCallback)
    [Anonymous Symbol]                       0x080020b0   Section        0  stm32h7xx_hal_spi.o(.text.HAL_SPI_IRQHandler)
    [Anonymous Symbol]                       0x08002300   Section        0  stm32h7xx_hal_spi.o(.text.HAL_SPI_Init)
    [Anonymous Symbol]                       0x08002450   Section        0  spi.o(.text.HAL_SPI_MspInit)
    [Anonymous Symbol]                       0x08002528   Section        0  stm32h7xx_hal_spi.o(.text.HAL_SPI_Receive_IT)
    [Anonymous Symbol]                       0x08002618   Section        0  main.o(.text.HAL_SPI_RxCpltCallback)
    [Anonymous Symbol]                       0x08002648   Section        0  stm32h7xx_hal_spi.o(.text.HAL_SPI_TransmitReceive_IT)
    [Anonymous Symbol]                       0x08002810   Section        0  stm32h7xx_hal_spi.o(.text.HAL_SPI_TxCpltCallback)
    [Anonymous Symbol]                       0x08002818   Section        0  stm32h7xx_hal_spi.o(.text.HAL_SPI_TxRxCpltCallback)
    [Anonymous Symbol]                       0x08002820   Section        0  stm32h7xx_hal_cortex.o(.text.HAL_SYSTICK_Config)
    [Anonymous Symbol]                       0x08002828   Section        0  stm32h7xx_it.o(.text.HardFault_Handler)
    [Anonymous Symbol]                       0x08002830   Section        0  stm32h7xx_it.o(.text.I2C3_ER_IRQHandler)
    [Anonymous Symbol]                       0x08002840   Section        0  stm32h7xx_it.o(.text.I2C3_EV_IRQHandler)
    I2C_DMAAbort                             0x08002851   Thumb Code    30  stm32h7xx_hal_i2c.o(.text.I2C_DMAAbort)
    [Anonymous Symbol]                       0x08002850   Section        0  stm32h7xx_hal_i2c.o(.text.I2C_DMAAbort)
    I2C_Disable_IRQ                          0x08002871   Thumb Code    94  stm32h7xx_hal_i2c.o(.text.I2C_Disable_IRQ)
    [Anonymous Symbol]                       0x08002870   Section        0  stm32h7xx_hal_i2c.o(.text.I2C_Disable_IRQ)
    I2C_Enable_IRQ                           0x080028d1   Thumb Code   124  stm32h7xx_hal_i2c.o(.text.I2C_Enable_IRQ)
    [Anonymous Symbol]                       0x080028d0   Section        0  stm32h7xx_hal_i2c.o(.text.I2C_Enable_IRQ)
    I2C_Flush_TXDR                           0x08002951   Thumb Code    30  stm32h7xx_hal_i2c.o(.text.I2C_Flush_TXDR)
    [Anonymous Symbol]                       0x08002950   Section        0  stm32h7xx_hal_i2c.o(.text.I2C_Flush_TXDR)
    I2C_ITAddrCplt                           0x08002971   Thumb Code   156  stm32h7xx_hal_i2c.o(.text.I2C_ITAddrCplt)
    [Anonymous Symbol]                       0x08002970   Section        0  stm32h7xx_hal_i2c.o(.text.I2C_ITAddrCplt)
    I2C_ITError                              0x08002a11   Thumb Code   242  stm32h7xx_hal_i2c.o(.text.I2C_ITError)
    [Anonymous Symbol]                       0x08002a10   Section        0  stm32h7xx_hal_i2c.o(.text.I2C_ITError)
    I2C_ITListenCplt                         0x08002b09   Thumb Code    96  stm32h7xx_hal_i2c.o(.text.I2C_ITListenCplt)
    [Anonymous Symbol]                       0x08002b08   Section        0  stm32h7xx_hal_i2c.o(.text.I2C_ITListenCplt)
    I2C_ITMasterCplt                         0x08002b69   Thumb Code   246  stm32h7xx_hal_i2c.o(.text.I2C_ITMasterCplt)
    [Anonymous Symbol]                       0x08002b68   Section        0  stm32h7xx_hal_i2c.o(.text.I2C_ITMasterCplt)
    I2C_ITMasterSeqCplt                      0x08002c61   Thumb Code    78  stm32h7xx_hal_i2c.o(.text.I2C_ITMasterSeqCplt)
    [Anonymous Symbol]                       0x08002c60   Section        0  stm32h7xx_hal_i2c.o(.text.I2C_ITMasterSeqCplt)
    I2C_ITSlaveCplt                          0x08002cb1   Thumb Code   760  stm32h7xx_hal_i2c.o(.text.I2C_ITSlaveCplt)
    [Anonymous Symbol]                       0x08002cb0   Section        0  stm32h7xx_hal_i2c.o(.text.I2C_ITSlaveCplt)
    I2C_ITSlaveSeqCplt                       0x08002fa9   Thumb Code   122  stm32h7xx_hal_i2c.o(.text.I2C_ITSlaveSeqCplt)
    [Anonymous Symbol]                       0x08002fa8   Section        0  stm32h7xx_hal_i2c.o(.text.I2C_ITSlaveSeqCplt)
    I2C_IsAcknowledgeFailed                  0x08003029   Thumb Code   126  stm32h7xx_hal_i2c.o(.text.I2C_IsAcknowledgeFailed)
    [Anonymous Symbol]                       0x08003028   Section        0  stm32h7xx_hal_i2c.o(.text.I2C_IsAcknowledgeFailed)
    I2C_Master_ISR_DMA                       0x080030a9   Thumb Code   262  stm32h7xx_hal_i2c.o(.text.I2C_Master_ISR_DMA)
    [Anonymous Symbol]                       0x080030a8   Section        0  stm32h7xx_hal_i2c.o(.text.I2C_Master_ISR_DMA)
    I2C_Master_ISR_IT                        0x080031b1   Thumb Code   284  stm32h7xx_hal_i2c.o(.text.I2C_Master_ISR_IT)
    [Anonymous Symbol]                       0x080031b0   Section        0  stm32h7xx_hal_i2c.o(.text.I2C_Master_ISR_IT)
    I2C_RequestMemoryRead                    0x080032d1   Thumb Code   114  stm32h7xx_hal_i2c.o(.text.I2C_RequestMemoryRead)
    [Anonymous Symbol]                       0x080032d0   Section        0  stm32h7xx_hal_i2c.o(.text.I2C_RequestMemoryRead)
    I2C_RequestMemoryWrite                   0x08003349   Thumb Code   116  stm32h7xx_hal_i2c.o(.text.I2C_RequestMemoryWrite)
    [Anonymous Symbol]                       0x08003348   Section        0  stm32h7xx_hal_i2c.o(.text.I2C_RequestMemoryWrite)
    I2C_Slave_ISR_DMA                        0x080033c1   Thumb Code   744  stm32h7xx_hal_i2c.o(.text.I2C_Slave_ISR_DMA)
    [Anonymous Symbol]                       0x080033c0   Section        0  stm32h7xx_hal_i2c.o(.text.I2C_Slave_ISR_DMA)
    I2C_Slave_ISR_IT                         0x080036a9   Thumb Code   260  stm32h7xx_hal_i2c.o(.text.I2C_Slave_ISR_IT)
    [Anonymous Symbol]                       0x080036a8   Section        0  stm32h7xx_hal_i2c.o(.text.I2C_Slave_ISR_IT)
    I2C_TransferConfig                       0x080037b1   Thumb Code    48  stm32h7xx_hal_i2c.o(.text.I2C_TransferConfig)
    [Anonymous Symbol]                       0x080037b0   Section        0  stm32h7xx_hal_i2c.o(.text.I2C_TransferConfig)
    I2C_TreatErrorCallback                   0x080037e1   Thumb Code    44  stm32h7xx_hal_i2c.o(.text.I2C_TreatErrorCallback)
    [Anonymous Symbol]                       0x080037e0   Section        0  stm32h7xx_hal_i2c.o(.text.I2C_TreatErrorCallback)
    I2C_WaitOnFlagUntilTimeout               0x08003811   Thumb Code   122  stm32h7xx_hal_i2c.o(.text.I2C_WaitOnFlagUntilTimeout)
    [Anonymous Symbol]                       0x08003810   Section        0  stm32h7xx_hal_i2c.o(.text.I2C_WaitOnFlagUntilTimeout)
    I2C_WaitOnTXISFlagUntilTimeout           0x08003891   Thumb Code    96  stm32h7xx_hal_i2c.o(.text.I2C_WaitOnTXISFlagUntilTimeout)
    [Anonymous Symbol]                       0x08003890   Section        0  stm32h7xx_hal_i2c.o(.text.I2C_WaitOnTXISFlagUntilTimeout)
    [Anonymous Symbol]                       0x080038f0   Section        0  gpio.o(.text.MX_GPIO_Init)
    [Anonymous Symbol]                       0x08003958   Section        0  i2c.o(.text.MX_I2C3_Init)
    [Anonymous Symbol]                       0x080039c0   Section        0  spi.o(.text.MX_SPI3_Init)
    [Anonymous Symbol]                       0x08003a20   Section        0  stm32h7xx_it.o(.text.MemManage_Handler)
    [Anonymous Symbol]                       0x08003a28   Section        0  stm32h7xx_it.o(.text.NMI_Handler)
    NVIC_EncodePriority                      0x08003a31   Thumb Code    46  stm32h7xx_hal_cortex.o(.text.NVIC_EncodePriority)
    [Anonymous Symbol]                       0x08003a30   Section        0  stm32h7xx_hal_cortex.o(.text.NVIC_EncodePriority)
    [Anonymous Symbol]                       0x08003a60   Section        0  stm32h7xx_it.o(.text.PendSV_Handler)
    RCCEx_PLL2_Config                        0x08003a69   Thumb Code   286  stm32h7xx_hal_rcc_ex.o(.text.RCCEx_PLL2_Config)
    [Anonymous Symbol]                       0x08003a68   Section        0  stm32h7xx_hal_rcc_ex.o(.text.RCCEx_PLL2_Config)
    RCCEx_PLL3_Config                        0x08003b89   Thumb Code   286  stm32h7xx_hal_rcc_ex.o(.text.RCCEx_PLL3_Config)
    [Anonymous Symbol]                       0x08003b88   Section        0  stm32h7xx_hal_rcc_ex.o(.text.RCCEx_PLL3_Config)
    [Anonymous Symbol]                       0x08003ca8   Section        0  stm32h7xx_it.o(.text.SPI3_IRQHandler)
    SPI_CloseTransfer                        0x08003cb9   Thumb Code   182  stm32h7xx_hal_spi.o(.text.SPI_CloseTransfer)
    [Anonymous Symbol]                       0x08003cb8   Section        0  stm32h7xx_hal_spi.o(.text.SPI_CloseTransfer)
    SPI_DMAAbortOnError                      0x08003d71   Thumb Code    26  stm32h7xx_hal_spi.o(.text.SPI_DMAAbortOnError)
    [Anonymous Symbol]                       0x08003d70   Section        0  stm32h7xx_hal_spi.o(.text.SPI_DMAAbortOnError)
    SPI_GetPacketSize                        0x08003d91   Thumb Code    18  stm32h7xx_hal_spi.o(.text.SPI_GetPacketSize)
    [Anonymous Symbol]                       0x08003d90   Section        0  stm32h7xx_hal_spi.o(.text.SPI_GetPacketSize)
    SPI_RxISR_16BIT                          0x08003da9   Thumb Code    42  stm32h7xx_hal_spi.o(.text.SPI_RxISR_16BIT)
    [Anonymous Symbol]                       0x08003da8   Section        0  stm32h7xx_hal_spi.o(.text.SPI_RxISR_16BIT)
    SPI_RxISR_32BIT                          0x08003dd9   Thumb Code    42  stm32h7xx_hal_spi.o(.text.SPI_RxISR_32BIT)
    [Anonymous Symbol]                       0x08003dd8   Section        0  stm32h7xx_hal_spi.o(.text.SPI_RxISR_32BIT)
    SPI_RxISR_8BIT                           0x08003e09   Thumb Code    48  stm32h7xx_hal_spi.o(.text.SPI_RxISR_8BIT)
    [Anonymous Symbol]                       0x08003e08   Section        0  stm32h7xx_hal_spi.o(.text.SPI_RxISR_8BIT)
    SPI_TxISR_16BIT                          0x08003e39   Thumb Code    42  stm32h7xx_hal_spi.o(.text.SPI_TxISR_16BIT)
    [Anonymous Symbol]                       0x08003e38   Section        0  stm32h7xx_hal_spi.o(.text.SPI_TxISR_16BIT)
    SPI_TxISR_32BIT                          0x08003e69   Thumb Code    42  stm32h7xx_hal_spi.o(.text.SPI_TxISR_32BIT)
    [Anonymous Symbol]                       0x08003e68   Section        0  stm32h7xx_hal_spi.o(.text.SPI_TxISR_32BIT)
    SPI_TxISR_8BIT                           0x08003e99   Thumb Code    48  stm32h7xx_hal_spi.o(.text.SPI_TxISR_8BIT)
    [Anonymous Symbol]                       0x08003e98   Section        0  stm32h7xx_hal_spi.o(.text.SPI_TxISR_8BIT)
    [Anonymous Symbol]                       0x08003ec8   Section        0  stm32h7xx_it.o(.text.SVC_Handler)
    SysTick_Config                           0x08003ed1   Thumb Code    46  stm32h7xx_hal_cortex.o(.text.SysTick_Config)
    [Anonymous Symbol]                       0x08003ed0   Section        0  stm32h7xx_hal_cortex.o(.text.SysTick_Config)
    [Anonymous Symbol]                       0x08003f00   Section        0  stm32h7xx_it.o(.text.SysTick_Handler)
    [Anonymous Symbol]                       0x08003f08   Section        0  main.o(.text.SystemClock_Config)
    [Anonymous Symbol]                       0x08003fc8   Section        0  system_stm32h7xx.o(.text.SystemInit)
    [Anonymous Symbol]                       0x080040a8   Section        0  stm32h7xx_it.o(.text.UsageFault_Handler)
    __NVIC_EnableIRQ                         0x080040b1   Thumb Code    32  stm32h7xx_hal_cortex.o(.text.__NVIC_EnableIRQ)
    [Anonymous Symbol]                       0x080040b0   Section        0  stm32h7xx_hal_cortex.o(.text.__NVIC_EnableIRQ)
    __NVIC_GetPriorityGrouping               0x080040d1   Thumb Code    16  stm32h7xx_hal_cortex.o(.text.__NVIC_GetPriorityGrouping)
    [Anonymous Symbol]                       0x080040d0   Section        0  stm32h7xx_hal_cortex.o(.text.__NVIC_GetPriorityGrouping)
    __NVIC_SetPriority                       0x080040e1   Thumb Code    34  stm32h7xx_hal_cortex.o(.text.__NVIC_SetPriority)
    [Anonymous Symbol]                       0x080040e0   Section        0  stm32h7xx_hal_cortex.o(.text.__NVIC_SetPriority)
    __NVIC_SetPriorityGrouping               0x08004109   Thumb Code    32  stm32h7xx_hal_cortex.o(.text.__NVIC_SetPriorityGrouping)
    [Anonymous Symbol]                       0x08004108   Section        0  stm32h7xx_hal_cortex.o(.text.__NVIC_SetPriorityGrouping)
    [Anonymous Symbol]                       0x08004128   Section        0  ade7978.o(.text.ade7978_DSP_start)
    [Anonymous Symbol]                       0x08004150   Section        0  ade7978.o(.text.ade7978_HSDC_init_start)
    [Anonymous Symbol]                       0x080041b0   Section        0  ade7978.o(.text.ade7978_cfmode_clear)
    [Anonymous Symbol]                       0x080041e0   Section        0  ade7978.o(.text.ade7978_dsp_ram_init)
    [Anonymous Symbol]                       0x08004230   Section        0  ade7978.o(.text.ade7978_energy_reg_read)
    [Anonymous Symbol]                       0x080042d0   Section        0  ade7978.o(.text.ade7978_init)
    [Anonymous Symbol]                       0x08004380   Section        0  ade7978.o(.text.ade7978_mem_read)
    [Anonymous Symbol]                       0x080043a8   Section        0  ade7978.o(.text.ade7978_mem_write)
    [Anonymous Symbol]                       0x080043d0   Section        0  ade7978.o(.text.ade7978_read_validation)
    [Anonymous Symbol]                       0x08004468   Section        0  ade7978.o(.text.ade7978_write_validation)
    [Anonymous Symbol]                       0x08004520   Section        0  ade7978.o(.text.data_mirror)
    [Anonymous Symbol]                       0x08004570   Section        0  main.o(.text.main)
    $v0                                      0x08004620   Number         0  fpinit.o(x$fpl$fpinit)
    x$fpl$fpinit                             0x08004620   Section       26  fpinit.o(x$fpl$fpinit)
    .bss                                     0x24000010   Section       96  libspace.o(.bss)
    Heap_Mem                                 0x240001a8   Data         512  startup_stm32h743xx.o(HEAP)
    HEAP                                     0x240001a8   Section      512  startup_stm32h743xx.o(HEAP)
    Stack_Mem                                0x240003a8   Data        1024  startup_stm32h743xx.o(STACK)
    STACK                                    0x240003a8   Section     1024  startup_stm32h743xx.o(STACK)
    __initial_sp                             0x240007a8   Data           0  startup_stm32h743xx.o(STACK)

    Global Symbols

    Symbol Name                              Value     Ov Type        Size  Object(Section)

    BuildAttributes$$THM_ISAv4$E$P$D$K$B$S$7EM$VFPv5_D16$PE$PLD8$A:L22UL41UL21$X:L11$S22US41US21$IEEE1$IW$~IW$USESV6$~STKCKD$USESV7$~SHL$OTIME$ROPI$EBA8$UX$STANDARDLIB$REQ8$PRES8$EABIv2 0x00000000   Number         0  anon$$obj.o ABSOLUTE
    __ARM_exceptions_init                     - Undefined Weak Reference
    __alloca_initialize                       - Undefined Weak Reference
    __arm_preinit_                            - Undefined Weak Reference
    __cpp_initialize__aeabi_                  - Undefined Weak Reference
    __cxa_finalize                            - Undefined Weak Reference
    __rt_locale                               - Undefined Weak Reference
    __sigvec_lookup                           - Undefined Weak Reference
    _atexit_init                              - Undefined Weak Reference
    _call_atexit_fns                          - Undefined Weak Reference
    _clock_init                               - Undefined Weak Reference
    _fp_trap_init                             - Undefined Weak Reference
    _fp_trap_shutdown                         - Undefined Weak Reference
    _get_lc_collate                           - Undefined Weak Reference
    _get_lc_ctype                             - Undefined Weak Reference
    _get_lc_monetary                          - Undefined Weak Reference
    _get_lc_numeric                           - Undefined Weak Reference
    _get_lc_time                              - Undefined Weak Reference
    _getenv_init                              - Undefined Weak Reference
    _handle_redirection                       - Undefined Weak Reference
    _init_alloc                               - Undefined Weak Reference
    _init_user_alloc                          - Undefined Weak Reference
    _initio                                   - Undefined Weak Reference
    _rand_init                                - Undefined Weak Reference
    _signal_finish                            - Undefined Weak Reference
    _signal_init                              - Undefined Weak Reference
    _terminate_alloc                          - Undefined Weak Reference
    _terminate_user_alloc                     - Undefined Weak Reference
    _terminateio                              - Undefined Weak Reference
    __Vectors_Size                           0x00000298   Number         0  startup_stm32h743xx.o ABSOLUTE
    __Vectors                                0x08000000   Data           4  startup_stm32h743xx.o(RESET)
    __Vectors_End                            0x08000298   Data           0  startup_stm32h743xx.o(RESET)
    __main                                   0x08000299   Thumb Code     8  __main.o(!!!main)
    __scatterload                            0x080002a1   Thumb Code     0  __scatter.o(!!!scatter)
    __scatterload_rt2                        0x080002a1   Thumb Code    44  __scatter.o(!!!scatter)
    __scatterload_rt2_thumb_only             0x080002a1   Thumb Code     0  __scatter.o(!!!scatter)
    __scatterload_null                       0x080002af   Thumb Code     0  __scatter.o(!!!scatter)
    __scatterload_copy                       0x080002d5   Thumb Code    26  __scatter_copy.o(!!handler_copy)
    __scatterload_zeroinit                   0x080002f1   Thumb Code    28  __scatter_zi.o(!!handler_zi)
    __rt_lib_init                            0x0800030d   Thumb Code     0  libinit.o(.ARM.Collect$$libinit$$00000000)
    __rt_lib_init_fp_1                       0x0800030f   Thumb Code     0  libinit2.o(.ARM.Collect$$libinit$$00000001)
    __rt_lib_init_alloca_1                   0x08000313   Thumb Code     0  libinit2.o(.ARM.Collect$$libinit$$0000002E)
    __rt_lib_init_argv_1                     0x08000313   Thumb Code     0  libinit2.o(.ARM.Collect$$libinit$$0000002C)
    __rt_lib_init_atexit_1                   0x08000313   Thumb Code     0  libinit2.o(.ARM.Collect$$libinit$$0000001B)
    __rt_lib_init_clock_1                    0x08000313   Thumb Code     0  libinit2.o(.ARM.Collect$$libinit$$00000021)
    __rt_lib_init_cpp_1                      0x08000313   Thumb Code     0  libinit2.o(.ARM.Collect$$libinit$$00000032)
    __rt_lib_init_exceptions_1               0x08000313   Thumb Code     0  libinit2.o(.ARM.Collect$$libinit$$00000030)
    __rt_lib_init_fp_trap_1                  0x08000313   Thumb Code     0  libinit2.o(.ARM.Collect$$libinit$$0000001F)
    __rt_lib_init_getenv_1                   0x08000313   Thumb Code     0  libinit2.o(.ARM.Collect$$libinit$$00000023)
    __rt_lib_init_heap_1                     0x08000313   Thumb Code     0  libinit2.o(.ARM.Collect$$libinit$$0000000A)
    __rt_lib_init_lc_collate_1               0x08000313   Thumb Code     0  libinit2.o(.ARM.Collect$$libinit$$00000011)
    __rt_lib_init_lc_ctype_1                 0x08000313   Thumb Code     0  libinit2.o(.ARM.Collect$$libinit$$00000013)
    __rt_lib_init_lc_monetary_1              0x08000313   Thumb Code     0  libinit2.o(.ARM.Collect$$libinit$$00000015)
    __rt_lib_init_lc_numeric_1               0x08000313   Thumb Code     0  libinit2.o(.ARM.Collect$$libinit$$00000017)
    __rt_lib_init_lc_time_1                  0x08000313   Thumb Code     0  libinit2.o(.ARM.Collect$$libinit$$00000019)
    __rt_lib_init_preinit_1                  0x08000313   Thumb Code     0  libinit2.o(.ARM.Collect$$libinit$$00000004)
    __rt_lib_init_rand_1                     0x08000313   Thumb Code     0  libinit2.o(.ARM.Collect$$libinit$$0000000E)
    __rt_lib_init_return                     0x08000313   Thumb Code     0  libinit2.o(.ARM.Collect$$libinit$$00000033)
    __rt_lib_init_signal_1                   0x08000313   Thumb Code     0  libinit2.o(.ARM.Collect$$libinit$$0000001D)
    __rt_lib_init_stdio_1                    0x08000313   Thumb Code     0  libinit2.o(.ARM.Collect$$libinit$$00000025)
    __rt_lib_init_user_alloc_1               0x08000313   Thumb Code     0  libinit2.o(.ARM.Collect$$libinit$$0000000C)
    __rt_lib_shutdown                        0x08000315   Thumb Code     0  libshutdown.o(.ARM.Collect$$libshutdown$$00000000)
    __rt_lib_shutdown_cpp_1                  0x08000317   Thumb Code     0  libshutdown2.o(.ARM.Collect$$libshutdown$$00000002)
    __rt_lib_shutdown_fp_trap_1              0x08000317   Thumb Code     0  libshutdown2.o(.ARM.Collect$$libshutdown$$00000007)
    __rt_lib_shutdown_heap_1                 0x08000317   Thumb Code     0  libshutdown2.o(.ARM.Collect$$libshutdown$$0000000F)
    __rt_lib_shutdown_return                 0x08000317   Thumb Code     0  libshutdown2.o(.ARM.Collect$$libshutdown$$00000010)
    __rt_lib_shutdown_signal_1               0x08000317   Thumb Code     0  libshutdown2.o(.ARM.Collect$$libshutdown$$0000000A)
    __rt_lib_shutdown_stdio_1                0x08000317   Thumb Code     0  libshutdown2.o(.ARM.Collect$$libshutdown$$00000004)
    __rt_lib_shutdown_user_alloc_1           0x08000317   Thumb Code     0  libshutdown2.o(.ARM.Collect$$libshutdown$$0000000C)
    __rt_entry                               0x08000319   Thumb Code     0  __rtentry.o(.ARM.Collect$$rtentry$$00000000)
    __rt_entry_presh_1                       0x08000319   Thumb Code     0  __rtentry2.o(.ARM.Collect$$rtentry$$00000002)
    __rt_entry_sh                            0x08000319   Thumb Code     0  __rtentry4.o(.ARM.Collect$$rtentry$$00000004)
    __rt_entry_li                            0x0800031f   Thumb Code     0  __rtentry2.o(.ARM.Collect$$rtentry$$0000000A)
    __rt_entry_postsh_1                      0x0800031f   Thumb Code     0  __rtentry2.o(.ARM.Collect$$rtentry$$00000009)
    __rt_entry_main                          0x08000323   Thumb Code     0  __rtentry2.o(.ARM.Collect$$rtentry$$0000000D)
    __rt_entry_postli_1                      0x08000323   Thumb Code     0  __rtentry2.o(.ARM.Collect$$rtentry$$0000000C)
    __rt_exit                                0x0800032b   Thumb Code     0  rtexit.o(.ARM.Collect$$rtexit$$00000000)
    __rt_exit_ls                             0x0800032d   Thumb Code     0  rtexit2.o(.ARM.Collect$$rtexit$$00000003)
    __rt_exit_prels_1                        0x0800032d   Thumb Code     0  rtexit2.o(.ARM.Collect$$rtexit$$00000002)
    __rt_exit_exit                           0x08000331   Thumb Code     0  rtexit2.o(.ARM.Collect$$rtexit$$00000004)
    Reset_Handler                            0x08000339   Thumb Code     8  startup_stm32h743xx.o(.text)
    ADC3_IRQHandler                          0x08000353   Thumb Code     0  startup_stm32h743xx.o(.text)
    ADC_IRQHandler                           0x08000353   Thumb Code     0  startup_stm32h743xx.o(.text)
    BDMA_Channel0_IRQHandler                 0x08000353   Thumb Code     0  startup_stm32h743xx.o(.text)
    BDMA_Channel1_IRQHandler                 0x08000353   Thumb Code     0  startup_stm32h743xx.o(.text)
    BDMA_Channel2_IRQHandler                 0x08000353   Thumb Code     0  startup_stm32h743xx.o(.text)
    BDMA_Channel3_IRQHandler                 0x08000353   Thumb Code     0  startup_stm32h743xx.o(.text)
    BDMA_Channel4_IRQHandler                 0x08000353   Thumb Code     0  startup_stm32h743xx.o(.text)
    BDMA_Channel5_IRQHandler                 0x08000353   Thumb Code     0  startup_stm32h743xx.o(.text)
    BDMA_Channel6_IRQHandler                 0x08000353   Thumb Code     0  startup_stm32h743xx.o(.text)
    BDMA_Channel7_IRQHandler                 0x08000353   Thumb Code     0  startup_stm32h743xx.o(.text)
    CEC_IRQHandler                           0x08000353   Thumb Code     0  startup_stm32h743xx.o(.text)
    COMP1_IRQHandler                         0x08000353   Thumb Code     0  startup_stm32h743xx.o(.text)
    CRS_IRQHandler                           0x08000353   Thumb Code     0  startup_stm32h743xx.o(.text)
    DCMI_IRQHandler                          0x08000353   Thumb Code     0  startup_stm32h743xx.o(.text)
    DFSDM1_FLT0_IRQHandler                   0x08000353   Thumb Code     0  startup_stm32h743xx.o(.text)
    DFSDM1_FLT1_IRQHandler                   0x08000353   Thumb Code     0  startup_stm32h743xx.o(.text)
    DFSDM1_FLT2_IRQHandler                   0x08000353   Thumb Code     0  startup_stm32h743xx.o(.text)
    DFSDM1_FLT3_IRQHandler                   0x08000353   Thumb Code     0  startup_stm32h743xx.o(.text)
    DMA1_Stream0_IRQHandler                  0x08000353   Thumb Code     0  startup_stm32h743xx.o(.text)
    DMA1_Stream1_IRQHandler                  0x08000353   Thumb Code     0  startup_stm32h743xx.o(.text)
    DMA1_Stream2_IRQHandler                  0x08000353   Thumb Code     0  startup_stm32h743xx.o(.text)
    DMA1_Stream3_IRQHandler                  0x08000353   Thumb Code     0  startup_stm32h743xx.o(.text)
    DMA1_Stream4_IRQHandler                  0x08000353   Thumb Code     0  startup_stm32h743xx.o(.text)
    DMA1_Stream5_IRQHandler                  0x08000353   Thumb Code     0  startup_stm32h743xx.o(.text)
    DMA1_Stream6_IRQHandler                  0x08000353   Thumb Code     0  startup_stm32h743xx.o(.text)
    DMA1_Stream7_IRQHandler                  0x08000353   Thumb Code     0  startup_stm32h743xx.o(.text)
    DMA2D_IRQHandler                         0x08000353   Thumb Code     0  startup_stm32h743xx.o(.text)
    DMA2_Stream0_IRQHandler                  0x08000353   Thumb Code     0  startup_stm32h743xx.o(.text)
    DMA2_Stream1_IRQHandler                  0x08000353   Thumb Code     0  startup_stm32h743xx.o(.text)
    DMA2_Stream2_IRQHandler                  0x08000353   Thumb Code     0  startup_stm32h743xx.o(.text)
    DMA2_Stream3_IRQHandler                  0x08000353   Thumb Code     0  startup_stm32h743xx.o(.text)
    DMA2_Stream4_IRQHandler                  0x08000353   Thumb Code     0  startup_stm32h743xx.o(.text)
    DMA2_Stream5_IRQHandler                  0x08000353   Thumb Code     0  startup_stm32h743xx.o(.text)
    DMA2_Stream6_IRQHandler                  0x08000353   Thumb Code     0  startup_stm32h743xx.o(.text)
    DMA2_Stream7_IRQHandler                  0x08000353   Thumb Code     0  startup_stm32h743xx.o(.text)
    DMAMUX1_OVR_IRQHandler                   0x08000353   Thumb Code     0  startup_stm32h743xx.o(.text)
    DMAMUX2_OVR_IRQHandler                   0x08000353   Thumb Code     0  startup_stm32h743xx.o(.text)
    ECC_IRQHandler                           0x08000353   Thumb Code     0  startup_stm32h743xx.o(.text)
    ETH_IRQHandler                           0x08000353   Thumb Code     0  startup_stm32h743xx.o(.text)
    ETH_WKUP_IRQHandler                      0x08000353   Thumb Code     0  startup_stm32h743xx.o(.text)
    EXTI0_IRQHandler                         0x08000353   Thumb Code     0  startup_stm32h743xx.o(.text)
    EXTI15_10_IRQHandler                     0x08000353   Thumb Code     0  startup_stm32h743xx.o(.text)
    EXTI1_IRQHandler                         0x08000353   Thumb Code     0  startup_stm32h743xx.o(.text)
    EXTI2_IRQHandler                         0x08000353   Thumb Code     0  startup_stm32h743xx.o(.text)
    EXTI3_IRQHandler                         0x08000353   Thumb Code     0  startup_stm32h743xx.o(.text)
    EXTI4_IRQHandler                         0x08000353   Thumb Code     0  startup_stm32h743xx.o(.text)
    EXTI9_5_IRQHandler                       0x08000353   Thumb Code     0  startup_stm32h743xx.o(.text)
    FDCAN1_IT0_IRQHandler                    0x08000353   Thumb Code     0  startup_stm32h743xx.o(.text)
    FDCAN1_IT1_IRQHandler                    0x08000353   Thumb Code     0  startup_stm32h743xx.o(.text)
    FDCAN2_IT0_IRQHandler                    0x08000353   Thumb Code     0  startup_stm32h743xx.o(.text)
    FDCAN2_IT1_IRQHandler                    0x08000353   Thumb Code     0  startup_stm32h743xx.o(.text)
    FDCAN_CAL_IRQHandler                     0x08000353   Thumb Code     0  startup_stm32h743xx.o(.text)
    FLASH_IRQHandler                         0x08000353   Thumb Code     0  startup_stm32h743xx.o(.text)
    FMC_IRQHandler                           0x08000353   Thumb Code     0  startup_stm32h743xx.o(.text)
    FPU_IRQHandler                           0x08000353   Thumb Code     0  startup_stm32h743xx.o(.text)
    HRTIM1_FLT_IRQHandler                    0x08000353   Thumb Code     0  startup_stm32h743xx.o(.text)
    HRTIM1_Master_IRQHandler                 0x08000353   Thumb Code     0  startup_stm32h743xx.o(.text)
    HRTIM1_TIMA_IRQHandler                   0x08000353   Thumb Code     0  startup_stm32h743xx.o(.text)
    HRTIM1_TIMB_IRQHandler                   0x08000353   Thumb Code     0  startup_stm32h743xx.o(.text)
    HRTIM1_TIMC_IRQHandler                   0x08000353   Thumb Code     0  startup_stm32h743xx.o(.text)
    HRTIM1_TIMD_IRQHandler                   0x08000353   Thumb Code     0  startup_stm32h743xx.o(.text)
    HRTIM1_TIME_IRQHandler                   0x08000353   Thumb Code     0  startup_stm32h743xx.o(.text)
    HSEM1_IRQHandler                         0x08000353   Thumb Code     0  startup_stm32h743xx.o(.text)
    I2C1_ER_IRQHandler                       0x08000353   Thumb Code     0  startup_stm32h743xx.o(.text)
    I2C1_EV_IRQHandler                       0x08000353   Thumb Code     0  startup_stm32h743xx.o(.text)
    I2C2_ER_IRQHandler                       0x08000353   Thumb Code     0  startup_stm32h743xx.o(.text)
    I2C2_EV_IRQHandler                       0x08000353   Thumb Code     0  startup_stm32h743xx.o(.text)
    I2C4_ER_IRQHandler                       0x08000353   Thumb Code     0  startup_stm32h743xx.o(.text)
    I2C4_EV_IRQHandler                       0x08000353   Thumb Code     0  startup_stm32h743xx.o(.text)
    JPEG_IRQHandler                          0x08000353   Thumb Code     0  startup_stm32h743xx.o(.text)
    LPTIM1_IRQHandler                        0x08000353   Thumb Code     0  startup_stm32h743xx.o(.text)
    LPTIM2_IRQHandler                        0x08000353   Thumb Code     0  startup_stm32h743xx.o(.text)
    LPTIM3_IRQHandler                        0x08000353   Thumb Code     0  startup_stm32h743xx.o(.text)
    LPTIM4_IRQHandler                        0x08000353   Thumb Code     0  startup_stm32h743xx.o(.text)
    LPTIM5_IRQHandler                        0x08000353   Thumb Code     0  startup_stm32h743xx.o(.text)
    LPUART1_IRQHandler                       0x08000353   Thumb Code     0  startup_stm32h743xx.o(.text)
    LTDC_ER_IRQHandler                       0x08000353   Thumb Code     0  startup_stm32h743xx.o(.text)
    LTDC_IRQHandler                          0x08000353   Thumb Code     0  startup_stm32h743xx.o(.text)
    MDIOS_IRQHandler                         0x08000353   Thumb Code     0  startup_stm32h743xx.o(.text)
    MDIOS_WKUP_IRQHandler                    0x08000353   Thumb Code     0  startup_stm32h743xx.o(.text)
    MDMA_IRQHandler                          0x08000353   Thumb Code     0  startup_stm32h743xx.o(.text)
    OTG_FS_EP1_IN_IRQHandler                 0x08000353   Thumb Code     0  startup_stm32h743xx.o(.text)
    OTG_FS_EP1_OUT_IRQHandler                0x08000353   Thumb Code     0  startup_stm32h743xx.o(.text)
    OTG_FS_IRQHandler                        0x08000353   Thumb Code     0  startup_stm32h743xx.o(.text)
    OTG_FS_WKUP_IRQHandler                   0x08000353   Thumb Code     0  startup_stm32h743xx.o(.text)
    OTG_HS_EP1_IN_IRQHandler                 0x08000353   Thumb Code     0  startup_stm32h743xx.o(.text)
    OTG_HS_EP1_OUT_IRQHandler                0x08000353   Thumb Code     0  startup_stm32h743xx.o(.text)
    OTG_HS_IRQHandler                        0x08000353   Thumb Code     0  startup_stm32h743xx.o(.text)
    OTG_HS_WKUP_IRQHandler                   0x08000353   Thumb Code     0  startup_stm32h743xx.o(.text)
    PVD_AVD_IRQHandler                       0x08000353   Thumb Code     0  startup_stm32h743xx.o(.text)
    QUADSPI_IRQHandler                       0x08000353   Thumb Code     0  startup_stm32h743xx.o(.text)
    RCC_IRQHandler                           0x08000353   Thumb Code     0  startup_stm32h743xx.o(.text)
    RNG_IRQHandler                           0x08000353   Thumb Code     0  startup_stm32h743xx.o(.text)
    RTC_Alarm_IRQHandler                     0x08000353   Thumb Code     0  startup_stm32h743xx.o(.text)
    RTC_WKUP_IRQHandler                      0x08000353   Thumb Code     0  startup_stm32h743xx.o(.text)
    SAI1_IRQHandler                          0x08000353   Thumb Code     0  startup_stm32h743xx.o(.text)
    SAI2_IRQHandler                          0x08000353   Thumb Code     0  startup_stm32h743xx.o(.text)
    SAI3_IRQHandler                          0x08000353   Thumb Code     0  startup_stm32h743xx.o(.text)
    SAI4_IRQHandler                          0x08000353   Thumb Code     0  startup_stm32h743xx.o(.text)
    SDMMC1_IRQHandler                        0x08000353   Thumb Code     0  startup_stm32h743xx.o(.text)
    SDMMC2_IRQHandler                        0x08000353   Thumb Code     0  startup_stm32h743xx.o(.text)
    SPDIF_RX_IRQHandler                      0x08000353   Thumb Code     0  startup_stm32h743xx.o(.text)
    SPI1_IRQHandler                          0x08000353   Thumb Code     0  startup_stm32h743xx.o(.text)
    SPI2_IRQHandler                          0x08000353   Thumb Code     0  startup_stm32h743xx.o(.text)
    SPI4_IRQHandler                          0x08000353   Thumb Code     0  startup_stm32h743xx.o(.text)
    SPI5_IRQHandler                          0x08000353   Thumb Code     0  startup_stm32h743xx.o(.text)
    SPI6_IRQHandler                          0x08000353   Thumb Code     0  startup_stm32h743xx.o(.text)
    SWPMI1_IRQHandler                        0x08000353   Thumb Code     0  startup_stm32h743xx.o(.text)
    TAMP_STAMP_IRQHandler                    0x08000353   Thumb Code     0  startup_stm32h743xx.o(.text)
    TIM15_IRQHandler                         0x08000353   Thumb Code     0  startup_stm32h743xx.o(.text)
    TIM16_IRQHandler                         0x08000353   Thumb Code     0  startup_stm32h743xx.o(.text)
    TIM17_IRQHandler                         0x08000353   Thumb Code     0  startup_stm32h743xx.o(.text)
    TIM1_BRK_IRQHandler                      0x08000353   Thumb Code     0  startup_stm32h743xx.o(.text)
    TIM1_CC_IRQHandler                       0x08000353   Thumb Code     0  startup_stm32h743xx.o(.text)
    TIM1_TRG_COM_IRQHandler                  0x08000353   Thumb Code     0  startup_stm32h743xx.o(.text)
    TIM1_UP_IRQHandler                       0x08000353   Thumb Code     0  startup_stm32h743xx.o(.text)
    TIM2_IRQHandler                          0x08000353   Thumb Code     0  startup_stm32h743xx.o(.text)
    TIM3_IRQHandler                          0x08000353   Thumb Code     0  startup_stm32h743xx.o(.text)
    TIM4_IRQHandler                          0x08000353   Thumb Code     0  startup_stm32h743xx.o(.text)
    TIM5_IRQHandler                          0x08000353   Thumb Code     0  startup_stm32h743xx.o(.text)
    TIM6_DAC_IRQHandler                      0x08000353   Thumb Code     0  startup_stm32h743xx.o(.text)
    TIM7_IRQHandler                          0x08000353   Thumb Code     0  startup_stm32h743xx.o(.text)
    TIM8_BRK_TIM12_IRQHandler                0x08000353   Thumb Code     0  startup_stm32h743xx.o(.text)
    TIM8_CC_IRQHandler                       0x08000353   Thumb Code     0  startup_stm32h743xx.o(.text)
    TIM8_TRG_COM_TIM14_IRQHandler            0x08000353   Thumb Code     0  startup_stm32h743xx.o(.text)
    TIM8_UP_TIM13_IRQHandler                 0x08000353   Thumb Code     0  startup_stm32h743xx.o(.text)
    UART4_IRQHandler                         0x08000353   Thumb Code     0  startup_stm32h743xx.o(.text)
    UART5_IRQHandler                         0x08000353   Thumb Code     0  startup_stm32h743xx.o(.text)
    UART7_IRQHandler                         0x08000353   Thumb Code     0  startup_stm32h743xx.o(.text)
    UART8_IRQHandler                         0x08000353   Thumb Code     0  startup_stm32h743xx.o(.text)
    USART1_IRQHandler                        0x08000353   Thumb Code     0  startup_stm32h743xx.o(.text)
    USART2_IRQHandler                        0x08000353   Thumb Code     0  startup_stm32h743xx.o(.text)
    USART3_IRQHandler                        0x08000353   Thumb Code     0  startup_stm32h743xx.o(.text)
    USART6_IRQHandler                        0x08000353   Thumb Code     0  startup_stm32h743xx.o(.text)
    WAKEUP_PIN_IRQHandler                    0x08000353   Thumb Code     0  startup_stm32h743xx.o(.text)
    WWDG_IRQHandler                          0x08000353   Thumb Code     0  startup_stm32h743xx.o(.text)
    __user_initial_stackheap                 0x08000355   Thumb Code     0  startup_stm32h743xx.o(.text)
    __aeabi_memclr4                          0x08000379   Thumb Code     0  rt_memclr_w.o(.text)
    __aeabi_memclr8                          0x08000379   Thumb Code     0  rt_memclr_w.o(.text)
    __rt_memclr_w                            0x08000379   Thumb Code    78  rt_memclr_w.o(.text)
    _memset_w                                0x0800037d   Thumb Code     0  rt_memclr_w.o(.text)
    __use_two_region_memory                  0x080003c7   Thumb Code     2  heapauxi.o(.text)
    __rt_heap_escrow$2region                 0x080003c9   Thumb Code     2  heapauxi.o(.text)
    __rt_heap_expand$2region                 0x080003cb   Thumb Code     2  heapauxi.o(.text)
    __user_setup_stackheap                   0x080003cd   Thumb Code    74  sys_stackheap_outer.o(.text)
    exit                                     0x08000417   Thumb Code    18  exit.o(.text)
    __user_libspace                          0x08000429   Thumb Code     8  libspace.o(.text)
    __user_perproc_libspace                  0x08000429   Thumb Code     0  libspace.o(.text)
    __user_perthread_libspace                0x08000429   Thumb Code     0  libspace.o(.text)
    _sys_exit                                0x08000431   Thumb Code     8  sys_exit.o(.text)
    __I$use$semihosting                      0x0800043d   Thumb Code     0  use_no_semi.o(.text)
    __use_no_semihosting_swi                 0x0800043d   Thumb Code     2  use_no_semi.o(.text)
    __semihosting_library_function           0x0800043f   Thumb Code     0  indicate_semi.o(.text)
    BusFault_Handler                         0x08000441   Thumb Code     2  stm32h7xx_it.o(.text.BusFault_Handler)
    DebugMon_Handler                         0x08000449   Thumb Code     2  stm32h7xx_it.o(.text.DebugMon_Handler)
    Error_Handler                            0x08000451   Thumb Code    10  main.o(.text.Error_Handler)
    HAL_DMA_Abort_IT                         0x08000461   Thumb Code   686  stm32h7xx_hal_dma.o(.text.HAL_DMA_Abort_IT)
    HAL_DMA_GetState                         0x08000711   Thumb Code     6  stm32h7xx_hal_dma.o(.text.HAL_DMA_GetState)
    HAL_Delay                                0x08000719   Thumb Code    40  stm32h7xx_hal.o(.text.HAL_Delay)
    HAL_GPIO_Init                            0x08000741   Thumb Code   422  stm32h7xx_hal_gpio.o(.text.HAL_GPIO_Init)
    HAL_GPIO_ReadPin                         0x080008e9   Thumb Code    10  stm32h7xx_hal_gpio.o(.text.HAL_GPIO_ReadPin)
    HAL_GPIO_WritePin                        0x080008f9   Thumb Code    10  stm32h7xx_hal_gpio.o(.text.HAL_GPIO_WritePin)
    HAL_GetREVID                             0x08000909   Thumb Code    14  stm32h7xx_hal.o(.text.HAL_GetREVID)
    HAL_GetTick                              0x08000919   Thumb Code    12  stm32h7xx_hal.o(.text.HAL_GetTick)
    HAL_I2CEx_ConfigAnalogFilter             0x08000929   Thumb Code    74  stm32h7xx_hal_i2c_ex.o(.text.HAL_I2CEx_ConfigAnalogFilter)
    HAL_I2CEx_ConfigDigitalFilter            0x08000979   Thumb Code    72  stm32h7xx_hal_i2c_ex.o(.text.HAL_I2CEx_ConfigDigitalFilter)
    HAL_I2C_AbortCpltCallback                0x080009c1   Thumb Code     2  stm32h7xx_hal_i2c.o(.text.HAL_I2C_AbortCpltCallback)
    HAL_I2C_AddrCallback                     0x080009c9   Thumb Code     2  stm32h7xx_hal_i2c.o(.text.HAL_I2C_AddrCallback)
    HAL_I2C_ER_IRQHandler                    0x080009d1   Thumb Code   100  stm32h7xx_hal_i2c.o(.text.HAL_I2C_ER_IRQHandler)
    HAL_I2C_EV_IRQHandler                    0x08000a39   Thumb Code    20  stm32h7xx_hal_i2c.o(.text.HAL_I2C_EV_IRQHandler)
    HAL_I2C_ErrorCallback                    0x08000a51   Thumb Code     2  stm32h7xx_hal_i2c.o(.text.HAL_I2C_ErrorCallback)
    HAL_I2C_Init                             0x08000a59   Thumb Code   162  stm32h7xx_hal_i2c.o(.text.HAL_I2C_Init)
    HAL_I2C_ListenCpltCallback               0x08000b01   Thumb Code     2  stm32h7xx_hal_i2c.o(.text.HAL_I2C_ListenCpltCallback)
    HAL_I2C_MasterRxCpltCallback             0x08000b09   Thumb Code     2  stm32h7xx_hal_i2c.o(.text.HAL_I2C_MasterRxCpltCallback)
    HAL_I2C_MasterTxCpltCallback             0x08000b11   Thumb Code     2  stm32h7xx_hal_i2c.o(.text.HAL_I2C_MasterTxCpltCallback)
    HAL_I2C_MemRxCpltCallback                0x08000b19   Thumb Code     2  stm32h7xx_hal_i2c.o(.text.HAL_I2C_MemRxCpltCallback)
    HAL_I2C_MemTxCpltCallback                0x08000b21   Thumb Code     2  stm32h7xx_hal_i2c.o(.text.HAL_I2C_MemTxCpltCallback)
    HAL_I2C_Mem_Read_IT                      0x08000b29   Thumb Code   230  stm32h7xx_hal_i2c.o(.text.HAL_I2C_Mem_Read_IT)
    HAL_I2C_Mem_Write_IT                     0x08000c11   Thumb Code   222  stm32h7xx_hal_i2c.o(.text.HAL_I2C_Mem_Write_IT)
    HAL_I2C_MspInit                          0x08000cf1   Thumb Code   176  i2c.o(.text.HAL_I2C_MspInit)
    HAL_I2C_SlaveRxCpltCallback              0x08000da1   Thumb Code     2  stm32h7xx_hal_i2c.o(.text.HAL_I2C_SlaveRxCpltCallback)
    HAL_I2C_SlaveTxCpltCallback              0x08000da9   Thumb Code     2  stm32h7xx_hal_i2c.o(.text.HAL_I2C_SlaveTxCpltCallback)
    HAL_IncTick                              0x08000db1   Thumb Code    26  stm32h7xx_hal.o(.text.HAL_IncTick)
    HAL_Init                                 0x08000dd1   Thumb Code   100  stm32h7xx_hal.o(.text.HAL_Init)
    HAL_InitTick                             0x08000e39   Thumb Code    84  stm32h7xx_hal.o(.text.HAL_InitTick)
    HAL_MspInit                              0x08000e91   Thumb Code    32  stm32h7xx_hal_msp.o(.text.HAL_MspInit)
    HAL_NVIC_EnableIRQ                       0x08000eb1   Thumb Code     8  stm32h7xx_hal_cortex.o(.text.HAL_NVIC_EnableIRQ)
    HAL_NVIC_SetPriority                     0x08000eb9   Thumb Code    30  stm32h7xx_hal_cortex.o(.text.HAL_NVIC_SetPriority)
    HAL_NVIC_SetPriorityGrouping             0x08000ed9   Thumb Code     8  stm32h7xx_hal_cortex.o(.text.HAL_NVIC_SetPriorityGrouping)
    HAL_PWREx_ConfigSupply                   0x08000ee1   Thumb Code    72  stm32h7xx_hal_pwr_ex.o(.text.HAL_PWREx_ConfigSupply)
    HAL_RCCEx_PeriphCLKConfig                0x08000f29   Thumb Code  2400  stm32h7xx_hal_rcc_ex.o(.text.HAL_RCCEx_PeriphCLKConfig)
    HAL_RCC_ClockConfig                      0x08001889   Thumb Code   592  stm32h7xx_hal_rcc.o(.text.HAL_RCC_ClockConfig)
    HAL_RCC_GetSysClockFreq                  0x08001ad9   Thumb Code   264  stm32h7xx_hal_rcc.o(.text.HAL_RCC_GetSysClockFreq)
    HAL_RCC_OscConfig                        0x08001be1   Thumb Code  1224  stm32h7xx_hal_rcc.o(.text.HAL_RCC_OscConfig)
    HAL_SPI_ErrorCallback                    0x080020a9   Thumb Code     2  stm32h7xx_hal_spi.o(.text.HAL_SPI_ErrorCallback)
    HAL_SPI_IRQHandler                       0x080020b1   Thumb Code   590  stm32h7xx_hal_spi.o(.text.HAL_SPI_IRQHandler)
    HAL_SPI_Init                             0x08002301   Thumb Code   336  stm32h7xx_hal_spi.o(.text.HAL_SPI_Init)
    HAL_SPI_MspInit                          0x08002451   Thumb Code   214  spi.o(.text.HAL_SPI_MspInit)
    HAL_SPI_Receive_IT                       0x08002529   Thumb Code   240  stm32h7xx_hal_spi.o(.text.HAL_SPI_Receive_IT)
    HAL_SPI_RxCpltCallback                   0x08002619   Thumb Code    44  main.o(.text.HAL_SPI_RxCpltCallback)
    HAL_SPI_TransmitReceive_IT               0x08002649   Thumb Code   452  stm32h7xx_hal_spi.o(.text.HAL_SPI_TransmitReceive_IT)
    HAL_SPI_TxCpltCallback                   0x08002811   Thumb Code     2  stm32h7xx_hal_spi.o(.text.HAL_SPI_TxCpltCallback)
    HAL_SPI_TxRxCpltCallback                 0x08002819   Thumb Code     2  stm32h7xx_hal_spi.o(.text.HAL_SPI_TxRxCpltCallback)
    HAL_SYSTICK_Config                       0x08002821   Thumb Code     8  stm32h7xx_hal_cortex.o(.text.HAL_SYSTICK_Config)
    HardFault_Handler                        0x08002829   Thumb Code     2  stm32h7xx_it.o(.text.HardFault_Handler)
    I2C3_ER_IRQHandler                       0x08002831   Thumb Code    16  stm32h7xx_it.o(.text.I2C3_ER_IRQHandler)
    I2C3_EV_IRQHandler                       0x08002841   Thumb Code    16  stm32h7xx_it.o(.text.I2C3_EV_IRQHandler)
    MX_GPIO_Init                             0x080038f1   Thumb Code   102  gpio.o(.text.MX_GPIO_Init)
    MX_I2C3_Init                             0x08003959   Thumb Code   104  i2c.o(.text.MX_I2C3_Init)
    MX_SPI3_Init                             0x080039c1   Thumb Code    96  spi.o(.text.MX_SPI3_Init)
    MemManage_Handler                        0x08003a21   Thumb Code     2  stm32h7xx_it.o(.text.MemManage_Handler)
    NMI_Handler                              0x08003a29   Thumb Code     2  stm32h7xx_it.o(.text.NMI_Handler)
    PendSV_Handler                           0x08003a61   Thumb Code     2  stm32h7xx_it.o(.text.PendSV_Handler)
    SPI3_IRQHandler                          0x08003ca9   Thumb Code    16  stm32h7xx_it.o(.text.SPI3_IRQHandler)
    SVC_Handler                              0x08003ec9   Thumb Code     2  stm32h7xx_it.o(.text.SVC_Handler)
    SysTick_Handler                          0x08003f01   Thumb Code     8  stm32h7xx_it.o(.text.SysTick_Handler)
    SystemClock_Config                       0x08003f09   Thumb Code   190  main.o(.text.SystemClock_Config)
    SystemInit                               0x08003fc9   Thumb Code   218  system_stm32h7xx.o(.text.SystemInit)
    UsageFault_Handler                       0x080040a9   Thumb Code     2  stm32h7xx_it.o(.text.UsageFault_Handler)
    ade7978_DSP_start                        0x08004129   Thumb Code    38  ade7978.o(.text.ade7978_DSP_start)
    ade7978_HSDC_init_start                  0x08004151   Thumb Code    92  ade7978.o(.text.ade7978_HSDC_init_start)
    ade7978_cfmode_clear                     0x080041b1   Thumb Code    48  ade7978.o(.text.ade7978_cfmode_clear)
    ade7978_dsp_ram_init                     0x080041e1   Thumb Code    76  ade7978.o(.text.ade7978_dsp_ram_init)
    ade7978_energy_reg_read                  0x08004231   Thumb Code   154  ade7978.o(.text.ade7978_energy_reg_read)
    ade7978_init                             0x080042d1   Thumb Code   172  ade7978.o(.text.ade7978_init)
    ade7978_mem_read                         0x08004381   Thumb Code    38  ade7978.o(.text.ade7978_mem_read)
    ade7978_mem_write                        0x080043a9   Thumb Code    38  ade7978.o(.text.ade7978_mem_write)
    ade7978_read_validation                  0x080043d1   Thumb Code   148  ade7978.o(.text.ade7978_read_validation)
    ade7978_write_validation                 0x08004469   Thumb Code   180  ade7978.o(.text.ade7978_write_validation)
    data_mirror                              0x08004521   Thumb Code    76  ade7978.o(.text.data_mirror)
    main                                     0x08004571   Thumb Code   176  main.o(.text.main)
    _fp_init                                 0x08004621   Thumb Code    26  fpinit.o(x$fpl$fpinit)
    __fplib_config_fpu_vfp                   0x08004639   Thumb Code     0  fpinit.o(x$fpl$fpinit)
    __fplib_config_pureend_doubles           0x08004639   Thumb Code     0  fpinit.o(x$fpl$fpinit)
    D1CorePrescTable                         0x0800463a   Data          16  system_stm32h7xx.o(.rodata.D1CorePrescTable)
    Region$$Table$$Base                      0x0800464c   Number         0  anon$$obj.o(Region$$Table)
    Region$$Table$$Limit                     0x0800466c   Number         0  anon$$obj.o(Region$$Table)
    SystemCoreClock                          0x24000000   Data           4  system_stm32h7xx.o(.data.SystemCoreClock)
    SystemD2Clock                            0x24000004   Data           4  system_stm32h7xx.o(.data.SystemD2Clock)
    uwTickFreq                               0x24000008   Data           1  stm32h7xx_hal.o(.data.uwTickFreq)
    uwTickPrio                               0x2400000c   Data           4  stm32h7xx_hal.o(.data.uwTickPrio)
    __libspace_start                         0x24000010   Data          96  libspace.o(.bss)
    AV2RMS_value                             0x24000070   Data           4  main.o(.bss.AV2RMS_value)
    __temporary_stack_top$libspace           0x24000070   Data           0  libspace.o(.bss)
    AVRMS_value                              0x24000074   Data           4  main.o(.bss.AVRMS_value)
    BV2RMS_value                             0x24000078   Data           4  main.o(.bss.BV2RMS_value)
    BVRMS_value                              0x2400007c   Data           4  main.o(.bss.BVRMS_value)
    CV2RMS_value                             0x24000080   Data           4  main.o(.bss.CV2RMS_value)
    CVRMS_value                              0x24000084   Data           4  main.o(.bss.CVRMS_value)
    dsp_start_value                          0x24000088   Data           1  ade7978.o(.bss.dsp_start_value)
    hi2c3                                    0x2400008c   Data          76  i2c.o(.bss.hi2c3)
    hsdc_value                               0x240000d8   Data          64  ade7978.o(.bss.hsdc_value)
    hspi3                                    0x24000118   Data         136  spi.o(.bss.hspi3)
    init_state                               0x240001a0   Data           1  main.o(.bss.init_state)
    uwTick                                   0x240001a4   Data           4  stm32h7xx_hal.o(.bss.uwTick)



==============================================================================

Memory Map of the image

  Image Entry point : 0x08000299

  Load Region LR_IROM1 (Base: 0x08000000, Size: 0x00004680, Max: 0x00200000, ABSOLUTE)

    Execution Region ER_IROM1 (Exec base: 0x08000000, Load base: 0x08000000, Size: 0x0000466c, Max: 0x00200000, ABSOLUTE)

    Exec Addr    Load Addr    Size         Type   Attr      Idx    E Section Name        Object

    0x08000000   0x08000000   0x00000298   Data   RO            3    RESET               startup_stm32h743xx.o
    0x08000298   0x08000298   0x00000008   Code   RO         1187  * !!!main             c_w.l(__main.o)
    0x080002a0   0x080002a0   0x00000034   Code   RO         1350    !!!scatter          c_w.l(__scatter.o)
    0x080002d4   0x080002d4   0x0000001a   Code   RO         1352    !!handler_copy      c_w.l(__scatter_copy.o)
    0x080002ee   0x080002ee   0x00000002   PAD
    0x080002f0   0x080002f0   0x0000001c   Code   RO         1354    !!handler_zi        c_w.l(__scatter_zi.o)
    0x0800030c   0x0800030c   0x00000002   Code   RO         1214    .ARM.Collect$$libinit$$00000000  c_w.l(libinit.o)
    0x0800030e   0x0800030e   0x00000004   Code   RO         1220    .ARM.Collect$$libinit$$00000001  c_w.l(libinit2.o)
    0x08000312   0x08000312   0x00000000   Code   RO         1223    .ARM.Collect$$libinit$$00000004  c_w.l(libinit2.o)
    0x08000312   0x08000312   0x00000000   Code   RO         1226    .ARM.Collect$$libinit$$0000000A  c_w.l(libinit2.o)
    0x08000312   0x08000312   0x00000000   Code   RO         1228    .ARM.Collect$$libinit$$0000000C  c_w.l(libinit2.o)
    0x08000312   0x08000312   0x00000000   Code   RO         1230    .ARM.Collect$$libinit$$0000000E  c_w.l(libinit2.o)
    0x08000312   0x08000312   0x00000000   Code   RO         1233    .ARM.Collect$$libinit$$00000011  c_w.l(libinit2.o)
    0x08000312   0x08000312   0x00000000   Code   RO         1235    .ARM.Collect$$libinit$$00000013  c_w.l(libinit2.o)
    0x08000312   0x08000312   0x00000000   Code   RO         1237    .ARM.Collect$$libinit$$00000015  c_w.l(libinit2.o)
    0x08000312   0x08000312   0x00000000   Code   RO         1239    .ARM.Collect$$libinit$$00000017  c_w.l(libinit2.o)
    0x08000312   0x08000312   0x00000000   Code   RO         1241    .ARM.Collect$$libinit$$00000019  c_w.l(libinit2.o)
    0x08000312   0x08000312   0x00000000   Code   RO         1243    .ARM.Collect$$libinit$$0000001B  c_w.l(libinit2.o)
    0x08000312   0x08000312   0x00000000   Code   RO         1245    .ARM.Collect$$libinit$$0000001D  c_w.l(libinit2.o)
    0x08000312   0x08000312   0x00000000   Code   RO         1247    .ARM.Collect$$libinit$$0000001F  c_w.l(libinit2.o)
    0x08000312   0x08000312   0x00000000   Code   RO         1249    .ARM.Collect$$libinit$$00000021  c_w.l(libinit2.o)
    0x08000312   0x08000312   0x00000000   Code   RO         1251    .ARM.Collect$$libinit$$00000023  c_w.l(libinit2.o)
    0x08000312   0x08000312   0x00000000   Code   RO         1253    .ARM.Collect$$libinit$$00000025  c_w.l(libinit2.o)
    0x08000312   0x08000312   0x00000000   Code   RO         1257    .ARM.Collect$$libinit$$0000002C  c_w.l(libinit2.o)
    0x08000312   0x08000312   0x00000000   Code   RO         1259    .ARM.Collect$$libinit$$0000002E  c_w.l(libinit2.o)
    0x08000312   0x08000312   0x00000000   Code   RO         1261    .ARM.Collect$$libinit$$00000030  c_w.l(libinit2.o)
    0x08000312   0x08000312   0x00000000   Code   RO         1263    .ARM.Collect$$libinit$$00000032  c_w.l(libinit2.o)
    0x08000312   0x08000312   0x00000002   Code   RO         1264    .ARM.Collect$$libinit$$00000033  c_w.l(libinit2.o)
    0x08000314   0x08000314   0x00000002   Code   RO         1286    .ARM.Collect$$libshutdown$$00000000  c_w.l(libshutdown.o)
    0x08000316   0x08000316   0x00000000   Code   RO         1301    .ARM.Collect$$libshutdown$$00000002  c_w.l(libshutdown2.o)
    0x08000316   0x08000316   0x00000000   Code   RO         1303    .ARM.Collect$$libshutdown$$00000004  c_w.l(libshutdown2.o)
    0x08000316   0x08000316   0x00000000   Code   RO         1306    .ARM.Collect$$libshutdown$$00000007  c_w.l(libshutdown2.o)
    0x08000316   0x08000316   0x00000000   Code   RO         1309    .ARM.Collect$$libshutdown$$0000000A  c_w.l(libshutdown2.o)
    0x08000316   0x08000316   0x00000000   Code   RO         1311    .ARM.Collect$$libshutdown$$0000000C  c_w.l(libshutdown2.o)
    0x08000316   0x08000316   0x00000000   Code   RO         1314    .ARM.Collect$$libshutdown$$0000000F  c_w.l(libshutdown2.o)
    0x08000316   0x08000316   0x00000002   Code   RO         1315    .ARM.Collect$$libshutdown$$00000010  c_w.l(libshutdown2.o)
    0x08000318   0x08000318   0x00000000   Code   RO         1189    .ARM.Collect$$rtentry$$00000000  c_w.l(__rtentry.o)
    0x08000318   0x08000318   0x00000000   Code   RO         1191    .ARM.Collect$$rtentry$$00000002  c_w.l(__rtentry2.o)
    0x08000318   0x08000318   0x00000006   Code   RO         1203    .ARM.Collect$$rtentry$$00000004  c_w.l(__rtentry4.o)
    0x0800031e   0x0800031e   0x00000000   Code   RO         1193    .ARM.Collect$$rtentry$$00000009  c_w.l(__rtentry2.o)
    0x0800031e   0x0800031e   0x00000004   Code   RO         1194    .ARM.Collect$$rtentry$$0000000A  c_w.l(__rtentry2.o)
    0x08000322   0x08000322   0x00000000   Code   RO         1196    .ARM.Collect$$rtentry$$0000000C  c_w.l(__rtentry2.o)
    0x08000322   0x08000322   0x00000008   Code   RO         1197    .ARM.Collect$$rtentry$$0000000D  c_w.l(__rtentry2.o)
    0x0800032a   0x0800032a   0x00000002   Code   RO         1218    .ARM.Collect$$rtexit$$00000000  c_w.l(rtexit.o)
    0x0800032c   0x0800032c   0x00000000   Code   RO         1266    .ARM.Collect$$rtexit$$00000002  c_w.l(rtexit2.o)
    0x0800032c   0x0800032c   0x00000004   Code   RO         1267    .ARM.Collect$$rtexit$$00000003  c_w.l(rtexit2.o)
    0x08000330   0x08000330   0x00000006   Code   RO         1268    .ARM.Collect$$rtexit$$00000004  c_w.l(rtexit2.o)
    0x08000336   0x08000336   0x00000002   PAD
    0x08000338   0x08000338   0x00000040   Code   RO            4    .text               startup_stm32h743xx.o
    0x08000378   0x08000378   0x0000004e   Code   RO         1183    .text               c_w.l(rt_memclr_w.o)
    0x080003c6   0x080003c6   0x00000006   Code   RO         1185    .text               c_w.l(heapauxi.o)
    0x080003cc   0x080003cc   0x0000004a   Code   RO         1205    .text               c_w.l(sys_stackheap_outer.o)
    0x08000416   0x08000416   0x00000012   Code   RO         1207    .text               c_w.l(exit.o)
    0x08000428   0x08000428   0x00000008   Code   RO         1215    .text               c_w.l(libspace.o)
    0x08000430   0x08000430   0x0000000c   Code   RO         1276    .text               c_w.l(sys_exit.o)
    0x0800043c   0x0800043c   0x00000002   Code   RO         1291    .text               c_w.l(use_no_semi.o)
    0x0800043e   0x0800043e   0x00000000   Code   RO         1293    .text               c_w.l(indicate_semi.o)
    0x0800043e   0x0800043e   0x00000002   PAD
    0x08000440   0x08000440   0x00000002   Code   RO          116    .text.BusFault_Handler  stm32h7xx_it.o
    0x08000442   0x08000442   0x00000006   PAD
    0x08000448   0x08000448   0x00000002   Code   RO          122    .text.DebugMon_Handler  stm32h7xx_it.o
    0x0800044a   0x0800044a   0x00000006   PAD
    0x08000450   0x08000450   0x0000000a   Code   RO           52    .text.Error_Handler  main.o
    0x0800045a   0x0800045a   0x00000006   PAD
    0x08000460   0x08000460   0x000002ae   Code   RO          684    .text.HAL_DMA_Abort_IT  stm32h7xx_hal_dma.o
    0x0800070e   0x0800070e   0x00000002   PAD
    0x08000710   0x08000710   0x00000006   Code   RO          694    .text.HAL_DMA_GetState  stm32h7xx_hal_dma.o
    0x08000716   0x08000716   0x00000002   PAD
    0x08000718   0x08000718   0x00000028   Code   RO          932    .text.HAL_Delay     stm32h7xx_hal.o
    0x08000740   0x08000740   0x000001a6   Code   RO          610    .text.HAL_GPIO_Init  stm32h7xx_hal_gpio.o
    0x080008e6   0x080008e6   0x00000002   PAD
    0x080008e8   0x080008e8   0x0000000a   Code   RO          614    .text.HAL_GPIO_ReadPin  stm32h7xx_hal_gpio.o
    0x080008f2   0x080008f2   0x00000006   PAD
    0x080008f8   0x080008f8   0x0000000a   Code   RO          616    .text.HAL_GPIO_WritePin  stm32h7xx_hal_gpio.o
    0x08000902   0x08000902   0x00000006   PAD
    0x08000908   0x08000908   0x0000000e   Code   RO          940    .text.HAL_GetREVID  stm32h7xx_hal.o
    0x08000916   0x08000916   0x00000002   PAD
    0x08000918   0x08000918   0x0000000c   Code   RO          924    .text.HAL_GetTick   stm32h7xx_hal.o
    0x08000924   0x08000924   0x00000004   PAD
    0x08000928   0x08000928   0x0000004a   Code   RO          389    .text.HAL_I2CEx_ConfigAnalogFilter  stm32h7xx_hal_i2c_ex.o
    0x08000972   0x08000972   0x00000006   PAD
    0x08000978   0x08000978   0x00000048   Code   RO          391    .text.HAL_I2CEx_ConfigDigitalFilter  stm32h7xx_hal_i2c_ex.o
    0x080009c0   0x080009c0   0x00000002   Code   RO          355    .text.HAL_I2C_AbortCpltCallback  stm32h7xx_hal_i2c.o
    0x080009c2   0x080009c2   0x00000006   PAD
    0x080009c8   0x080009c8   0x00000002   Code   RO          345    .text.HAL_I2C_AddrCallback  stm32h7xx_hal_i2c.o
    0x080009ca   0x080009ca   0x00000006   PAD
    0x080009d0   0x080009d0   0x00000064   Code   RO          333    .text.HAL_I2C_ER_IRQHandler  stm32h7xx_hal_i2c.o
    0x08000a34   0x08000a34   0x00000004   PAD
    0x08000a38   0x08000a38   0x00000014   Code   RO          331    .text.HAL_I2C_EV_IRQHandler  stm32h7xx_hal_i2c.o
    0x08000a4c   0x08000a4c   0x00000004   PAD
    0x08000a50   0x08000a50   0x00000002   Code   RO          353    .text.HAL_I2C_ErrorCallback  stm32h7xx_hal_i2c.o
    0x08000a52   0x08000a52   0x00000006   PAD
    0x08000a58   0x08000a58   0x000000a2   Code   RO          223    .text.HAL_I2C_Init  stm32h7xx_hal_i2c.o
    0x08000afa   0x08000afa   0x00000006   PAD
    0x08000b00   0x08000b00   0x00000002   Code   RO          347    .text.HAL_I2C_ListenCpltCallback  stm32h7xx_hal_i2c.o
    0x08000b02   0x08000b02   0x00000006   PAD
    0x08000b08   0x08000b08   0x00000002   Code   RO          339    .text.HAL_I2C_MasterRxCpltCallback  stm32h7xx_hal_i2c.o
    0x08000b0a   0x08000b0a   0x00000006   PAD
    0x08000b10   0x08000b10   0x00000002   Code   RO          337    .text.HAL_I2C_MasterTxCpltCallback  stm32h7xx_hal_i2c.o
    0x08000b12   0x08000b12   0x00000006   PAD
    0x08000b18   0x08000b18   0x00000002   Code   RO          351    .text.HAL_I2C_MemRxCpltCallback  stm32h7xx_hal_i2c.o
    0x08000b1a   0x08000b1a   0x00000006   PAD
    0x08000b20   0x08000b20   0x00000002   Code   RO          349    .text.HAL_I2C_MemTxCpltCallback  stm32h7xx_hal_i2c.o
    0x08000b22   0x08000b22   0x00000006   PAD
    0x08000b28   0x08000b28   0x000000e6   Code   RO          295    .text.HAL_I2C_Mem_Read_IT  stm32h7xx_hal_i2c.o
    0x08000c0e   0x08000c0e   0x00000002   PAD
    0x08000c10   0x08000c10   0x000000de   Code   RO          293    .text.HAL_I2C_Mem_Write_IT  stm32h7xx_hal_i2c.o
    0x08000cee   0x08000cee   0x00000002   PAD
    0x08000cf0   0x08000cf0   0x000000b0   Code   RO           82    .text.HAL_I2C_MspInit  i2c.o
    0x08000da0   0x08000da0   0x00000002   Code   RO          343    .text.HAL_I2C_SlaveRxCpltCallback  stm32h7xx_hal_i2c.o
    0x08000da2   0x08000da2   0x00000006   PAD
    0x08000da8   0x08000da8   0x00000002   Code   RO          341    .text.HAL_I2C_SlaveTxCpltCallback  stm32h7xx_hal_i2c.o
    0x08000daa   0x08000daa   0x00000006   PAD
    0x08000db0   0x08000db0   0x0000001a   Code   RO          922    .text.HAL_IncTick   stm32h7xx_hal.o
    0x08000dca   0x08000dca   0x00000006   PAD
    0x08000dd0   0x08000dd0   0x00000064   Code   RO          912    .text.HAL_Init      stm32h7xx_hal.o
    0x08000e34   0x08000e34   0x00000004   PAD
    0x08000e38   0x08000e38   0x00000054   Code   RO          914    .text.HAL_InitTick  stm32h7xx_hal.o
    0x08000e8c   0x08000e8c   0x00000004   PAD
    0x08000e90   0x08000e90   0x00000020   Code   RO          141    .text.HAL_MspInit   stm32h7xx_hal_msp.o
    0x08000eb0   0x08000eb0   0x00000008   Code   RO          161    .text.HAL_NVIC_EnableIRQ  stm32h7xx_hal_cortex.o
    0x08000eb8   0x08000eb8   0x0000001e   Code   RO          153    .text.HAL_NVIC_SetPriority  stm32h7xx_hal_cortex.o
    0x08000ed6   0x08000ed6   0x00000002   PAD
    0x08000ed8   0x08000ed8   0x00000008   Code   RO          149    .text.HAL_NVIC_SetPriorityGrouping  stm32h7xx_hal_cortex.o
    0x08000ee0   0x08000ee0   0x00000048   Code   RO          824    .text.HAL_PWREx_ConfigSupply  stm32h7xx_hal_pwr_ex.o
    0x08000f28   0x08000f28   0x00000960   Code   RO          445    .text.HAL_RCCEx_PeriphCLKConfig  stm32h7xx_hal_rcc_ex.o
    0x08001888   0x08001888   0x00000250   Code   RO          413    .text.HAL_RCC_ClockConfig  stm32h7xx_hal_rcc.o
    0x08001ad8   0x08001ad8   0x00000108   Code   RO          415    .text.HAL_RCC_GetSysClockFreq  stm32h7xx_hal_rcc.o
    0x08001be0   0x08001be0   0x000004c8   Code   RO          411    .text.HAL_RCC_OscConfig  stm32h7xx_hal_rcc.o
    0x080020a8   0x080020a8   0x00000002   Code   RO         1123    .text.HAL_SPI_ErrorCallback  stm32h7xx_hal_spi.o
    0x080020aa   0x080020aa   0x00000006   PAD
    0x080020b0   0x080020b0   0x0000024e   Code   RO         1121    .text.HAL_SPI_IRQHandler  stm32h7xx_hal_spi.o
    0x080022fe   0x080022fe   0x00000002   PAD
    0x08002300   0x08002300   0x00000150   Code   RO         1045    .text.HAL_SPI_Init  stm32h7xx_hal_spi.o
    0x08002450   0x08002450   0x000000d6   Code   RO           97    .text.HAL_SPI_MspInit  spi.o
    0x08002526   0x08002526   0x00000002   PAD
    0x08002528   0x08002528   0x000000f0   Code   RO         1073    .text.HAL_SPI_Receive_IT  stm32h7xx_hal_spi.o
    0x08002618   0x08002618   0x0000002c   Code   RO           54    .text.HAL_SPI_RxCpltCallback  main.o
    0x08002644   0x08002644   0x00000004   PAD
    0x08002648   0x08002648   0x000001c4   Code   RO         1075    .text.HAL_SPI_TransmitReceive_IT  stm32h7xx_hal_spi.o
    0x0800280c   0x0800280c   0x00000004   PAD
    0x08002810   0x08002810   0x00000002   Code   RO         1129    .text.HAL_SPI_TxCpltCallback  stm32h7xx_hal_spi.o
    0x08002812   0x08002812   0x00000006   PAD
    0x08002818   0x08002818   0x00000002   Code   RO         1125    .text.HAL_SPI_TxRxCpltCallback  stm32h7xx_hal_spi.o
    0x0800281a   0x0800281a   0x00000006   PAD
    0x08002820   0x08002820   0x00000008   Code   RO          173    .text.HAL_SYSTICK_Config  stm32h7xx_hal_cortex.o
    0x08002828   0x08002828   0x00000002   Code   RO          112    .text.HardFault_Handler  stm32h7xx_it.o
    0x0800282a   0x0800282a   0x00000006   PAD
    0x08002830   0x08002830   0x00000010   Code   RO          132    .text.I2C3_ER_IRQHandler  stm32h7xx_it.o
    0x08002840   0x08002840   0x00000010   Code   RO          130    .text.I2C3_EV_IRQHandler  stm32h7xx_it.o
    0x08002850   0x08002850   0x0000001e   Code   RO          317    .text.I2C_DMAAbort  stm32h7xx_hal_i2c.o
    0x0800286e   0x0800286e   0x00000002   PAD
    0x08002870   0x08002870   0x0000005e   Code   RO          315    .text.I2C_Disable_IRQ  stm32h7xx_hal_i2c.o
    0x080028ce   0x080028ce   0x00000002   PAD
    0x080028d0   0x080028d0   0x0000007c   Code   RO          253    .text.I2C_Enable_IRQ  stm32h7xx_hal_i2c.o
    0x0800294c   0x0800294c   0x00000004   PAD
    0x08002950   0x08002950   0x0000001e   Code   RO          363    .text.I2C_Flush_TXDR  stm32h7xx_hal_i2c.o
    0x0800296e   0x0800296e   0x00000002   PAD
    0x08002970   0x08002970   0x0000009c   Code   RO          375    .text.I2C_ITAddrCplt  stm32h7xx_hal_i2c.o
    0x08002a0c   0x08002a0c   0x00000004   PAD
    0x08002a10   0x08002a10   0x000000f2   Code   RO          335    .text.I2C_ITError   stm32h7xx_hal_i2c.o
    0x08002b02   0x08002b02   0x00000006   PAD
    0x08002b08   0x08002b08   0x00000060   Code   RO          371    .text.I2C_ITListenCplt  stm32h7xx_hal_i2c.o
    0x08002b68   0x08002b68   0x000000f6   Code   RO          367    .text.I2C_ITMasterCplt  stm32h7xx_hal_i2c.o
    0x08002c5e   0x08002c5e   0x00000002   PAD
    0x08002c60   0x08002c60   0x0000004e   Code   RO          365    .text.I2C_ITMasterSeqCplt  stm32h7xx_hal_i2c.o
    0x08002cae   0x08002cae   0x00000002   PAD
    0x08002cb0   0x08002cb0   0x000002f8   Code   RO          369    .text.I2C_ITSlaveCplt  stm32h7xx_hal_i2c.o
    0x08002fa8   0x08002fa8   0x0000007a   Code   RO          373    .text.I2C_ITSlaveSeqCplt  stm32h7xx_hal_i2c.o
    0x08003022   0x08003022   0x00000006   PAD
    0x08003028   0x08003028   0x0000007e   Code   RO          379    .text.I2C_IsAcknowledgeFailed  stm32h7xx_hal_i2c.o
    0x080030a6   0x080030a6   0x00000002   PAD
    0x080030a8   0x080030a8   0x00000106   Code   RO          265    .text.I2C_Master_ISR_DMA  stm32h7xx_hal_i2c.o
    0x080031ae   0x080031ae   0x00000002   PAD
    0x080031b0   0x080031b0   0x0000011c   Code   RO          251    .text.I2C_Master_ISR_IT  stm32h7xx_hal_i2c.o
    0x080032cc   0x080032cc   0x00000004   PAD
    0x080032d0   0x080032d0   0x00000072   Code   RO          291    .text.I2C_RequestMemoryRead  stm32h7xx_hal_i2c.o
    0x08003342   0x08003342   0x00000006   PAD
    0x08003348   0x08003348   0x00000074   Code   RO          287    .text.I2C_RequestMemoryWrite  stm32h7xx_hal_i2c.o
    0x080033bc   0x080033bc   0x00000004   PAD
    0x080033c0   0x080033c0   0x000002e8   Code   RO          277    .text.I2C_Slave_ISR_DMA  stm32h7xx_hal_i2c.o
    0x080036a8   0x080036a8   0x00000104   Code   RO          259    .text.I2C_Slave_ISR_IT  stm32h7xx_hal_i2c.o
    0x080037ac   0x080037ac   0x00000004   PAD
    0x080037b0   0x080037b0   0x00000030   Code   RO          235    .text.I2C_TransferConfig  stm32h7xx_hal_i2c.o
    0x080037e0   0x080037e0   0x0000002c   Code   RO          377    .text.I2C_TreatErrorCallback  stm32h7xx_hal_i2c.o
    0x0800380c   0x0800380c   0x00000004   PAD
    0x08003810   0x08003810   0x0000007a   Code   RO          233    .text.I2C_WaitOnFlagUntilTimeout  stm32h7xx_hal_i2c.o
    0x0800388a   0x0800388a   0x00000006   PAD
    0x08003890   0x08003890   0x00000060   Code   RO          237    .text.I2C_WaitOnTXISFlagUntilTimeout  stm32h7xx_hal_i2c.o
    0x080038f0   0x080038f0   0x00000066   Code   RO           72    .text.MX_GPIO_Init  gpio.o
    0x08003956   0x08003956   0x00000002   PAD
    0x08003958   0x08003958   0x00000068   Code   RO           80    .text.MX_I2C3_Init  i2c.o
    0x080039c0   0x080039c0   0x00000060   Code   RO           95    .text.MX_SPI3_Init  spi.o
    0x08003a20   0x08003a20   0x00000002   Code   RO          114    .text.MemManage_Handler  stm32h7xx_it.o
    0x08003a22   0x08003a22   0x00000006   PAD
    0x08003a28   0x08003a28   0x00000002   Code   RO          110    .text.NMI_Handler   stm32h7xx_it.o
    0x08003a2a   0x08003a2a   0x00000006   PAD
    0x08003a30   0x08003a30   0x0000002e   Code   RO          159    .text.NVIC_EncodePriority  stm32h7xx_hal_cortex.o
    0x08003a5e   0x08003a5e   0x00000002   PAD
    0x08003a60   0x08003a60   0x00000002   Code   RO          124    .text.PendSV_Handler  stm32h7xx_it.o
    0x08003a62   0x08003a62   0x00000006   PAD
    0x08003a68   0x08003a68   0x0000011e   Code   RO          447    .text.RCCEx_PLL2_Config  stm32h7xx_hal_rcc_ex.o
    0x08003b86   0x08003b86   0x00000002   PAD
    0x08003b88   0x08003b88   0x0000011e   Code   RO          449    .text.RCCEx_PLL3_Config  stm32h7xx_hal_rcc_ex.o
    0x08003ca6   0x08003ca6   0x00000002   PAD
    0x08003ca8   0x08003ca8   0x00000010   Code   RO          128    .text.SPI3_IRQHandler  stm32h7xx_it.o
    0x08003cb8   0x08003cb8   0x000000b6   Code   RO         1057    .text.SPI_CloseTransfer  stm32h7xx_hal_spi.o
    0x08003d6e   0x08003d6e   0x00000002   PAD
    0x08003d70   0x08003d70   0x0000001a   Code   RO         1131    .text.SPI_DMAAbortOnError  stm32h7xx_hal_spi.o
    0x08003d8a   0x08003d8a   0x00000006   PAD
    0x08003d90   0x08003d90   0x00000012   Code   RO         1047    .text.SPI_GetPacketSize  stm32h7xx_hal_spi.o
    0x08003da2   0x08003da2   0x00000006   PAD
    0x08003da8   0x08003da8   0x0000002a   Code   RO         1079    .text.SPI_RxISR_16BIT  stm32h7xx_hal_spi.o
    0x08003dd2   0x08003dd2   0x00000006   PAD
    0x08003dd8   0x08003dd8   0x0000002a   Code   RO         1077    .text.SPI_RxISR_32BIT  stm32h7xx_hal_spi.o
    0x08003e02   0x08003e02   0x00000006   PAD
    0x08003e08   0x08003e08   0x00000030   Code   RO         1081    .text.SPI_RxISR_8BIT  stm32h7xx_hal_spi.o
    0x08003e38   0x08003e38   0x0000002a   Code   RO         1069    .text.SPI_TxISR_16BIT  stm32h7xx_hal_spi.o
    0x08003e62   0x08003e62   0x00000006   PAD
    0x08003e68   0x08003e68   0x0000002a   Code   RO         1067    .text.SPI_TxISR_32BIT  stm32h7xx_hal_spi.o
    0x08003e92   0x08003e92   0x00000006   PAD
    0x08003e98   0x08003e98   0x00000030   Code   RO         1071    .text.SPI_TxISR_8BIT  stm32h7xx_hal_spi.o
    0x08003ec8   0x08003ec8   0x00000002   Code   RO          120    .text.SVC_Handler   stm32h7xx_it.o
    0x08003eca   0x08003eca   0x00000006   PAD
    0x08003ed0   0x08003ed0   0x0000002e   Code   RO          175    .text.SysTick_Config  stm32h7xx_hal_cortex.o
    0x08003efe   0x08003efe   0x00000002   PAD
    0x08003f00   0x08003f00   0x00000008   Code   RO          126    .text.SysTick_Handler  stm32h7xx_it.o
    0x08003f08   0x08003f08   0x000000be   Code   RO           50    .text.SystemClock_Config  main.o
    0x08003fc6   0x08003fc6   0x00000002   PAD
    0x08003fc8   0x08003fc8   0x000000da   Code   RO         1167    .text.SystemInit    system_stm32h7xx.o
    0x080040a2   0x080040a2   0x00000006   PAD
    0x080040a8   0x080040a8   0x00000002   Code   RO          118    .text.UsageFault_Handler  stm32h7xx_it.o
    0x080040aa   0x080040aa   0x00000006   PAD
    0x080040b0   0x080040b0   0x00000020   Code   RO          163    .text.__NVIC_EnableIRQ  stm32h7xx_hal_cortex.o
    0x080040d0   0x080040d0   0x00000010   Code   RO          155    .text.__NVIC_GetPriorityGrouping  stm32h7xx_hal_cortex.o
    0x080040e0   0x080040e0   0x00000022   Code   RO          157    .text.__NVIC_SetPriority  stm32h7xx_hal_cortex.o
    0x08004102   0x08004102   0x00000006   PAD
    0x08004108   0x08004108   0x00000020   Code   RO          151    .text.__NVIC_SetPriorityGrouping  stm32h7xx_hal_cortex.o
    0x08004128   0x08004128   0x00000026   Code   RO           21    .text.ade7978_DSP_start  ade7978.o
    0x0800414e   0x0800414e   0x00000002   PAD
    0x08004150   0x08004150   0x0000005c   Code   RO           17    .text.ade7978_HSDC_init_start  ade7978.o
    0x080041ac   0x080041ac   0x00000004   PAD
    0x080041b0   0x080041b0   0x00000030   Code   RO           25    .text.ade7978_cfmode_clear  ade7978.o
    0x080041e0   0x080041e0   0x0000004c   Code   RO           19    .text.ade7978_dsp_ram_init  ade7978.o
    0x0800422c   0x0800422c   0x00000004   PAD
    0x08004230   0x08004230   0x0000009a   Code   RO           23    .text.ade7978_energy_reg_read  ade7978.o
    0x080042ca   0x080042ca   0x00000006   PAD
    0x080042d0   0x080042d0   0x000000ac   Code   RO           11    .text.ade7978_init  ade7978.o
    0x0800437c   0x0800437c   0x00000004   PAD
    0x08004380   0x08004380   0x00000026   Code   RO           31    .text.ade7978_mem_read  ade7978.o
    0x080043a6   0x080043a6   0x00000002   PAD
    0x080043a8   0x080043a8   0x00000026   Code   RO           35    .text.ade7978_mem_write  ade7978.o
    0x080043ce   0x080043ce   0x00000002   PAD
    0x080043d0   0x080043d0   0x00000094   Code   RO           13    .text.ade7978_read_validation  ade7978.o
    0x08004464   0x08004464   0x00000004   PAD
    0x08004468   0x08004468   0x000000b4   Code   RO           15    .text.ade7978_write_validation  ade7978.o
    0x0800451c   0x0800451c   0x00000004   PAD
    0x08004520   0x08004520   0x0000004c   Code   RO           33    .text.data_mirror   ade7978.o
    0x0800456c   0x0800456c   0x00000004   PAD
    0x08004570   0x08004570   0x000000b0   Code   RO           48    .text.main          main.o
    0x08004620   0x08004620   0x0000001a   Code   RO         1274    x$fpl$fpinit        fz_wv.l(fpinit.o)
    0x0800463a   0x0800463a   0x00000010   Data   RO         1173    .rodata.D1CorePrescTable  system_stm32h7xx.o
    0x0800464a   0x0800464a   0x00000002   PAD
    0x0800464c   0x0800464c   0x00000020   Data   RO         1349    Region$$Table       anon$$obj.o


    Execution Region RW_IRAM1 (Exec base: 0x20000000, Load base: 0x0800466c, Size: 0x00000000, Max: 0x00020000, ABSOLUTE)

    **** No section assigned to this execution region ****


    Execution Region RW_IRAM2 (Exec base: 0x24000000, Load base: 0x08004670, Size: 0x000007a8, Max: 0x00080000, ABSOLUTE)

    Exec Addr    Load Addr    Size         Type   Attr      Idx    E Section Name        Object

    0x24000000   0x08004670   0x00000004   Data   RW         1171    .data.SystemCoreClock  system_stm32h7xx.o
    0x24000004   0x08004674   0x00000004   Data   RW         1172    .data.SystemD2Clock  system_stm32h7xx.o
    0x24000008   0x08004678   0x00000001   Data   RW         1009    .data.uwTickFreq    stm32h7xx_hal.o
    0x24000009   0x08004679   0x00000003   PAD
    0x2400000c   0x0800467c   0x00000004   Data   RW         1008    .data.uwTickPrio    stm32h7xx_hal.o
    0x24000010        -       0x00000060   Zero   RW         1216    .bss                c_w.l(libspace.o)
    0x24000070        -       0x00000004   Zero   RW           57    .bss.AV2RMS_value   main.o
    0x24000074        -       0x00000004   Zero   RW           56    .bss.AVRMS_value    main.o
    0x24000078        -       0x00000004   Zero   RW           59    .bss.BV2RMS_value   main.o
    0x2400007c        -       0x00000004   Zero   RW           58    .bss.BVRMS_value    main.o
    0x24000080        -       0x00000004   Zero   RW           61    .bss.CV2RMS_value   main.o
    0x24000084        -       0x00000004   Zero   RW           60    .bss.CVRMS_value    main.o
    0x24000088        -       0x00000001   Zero   RW           38    .bss.dsp_start_value  ade7978.o
    0x24000089   0x08004680   0x00000003   PAD
    0x2400008c        -       0x0000004c   Zero   RW           86    .bss.hi2c3          i2c.o
    0x240000d8        -       0x00000040   Zero   RW           37    .bss.hsdc_value     ade7978.o
    0x24000118        -       0x00000088   Zero   RW          101    .bss.hspi3          spi.o
    0x240001a0        -       0x00000001   Zero   RW           62    .bss.init_state     main.o
    0x240001a1   0x08004680   0x00000003   PAD
    0x240001a4        -       0x00000004   Zero   RW         1010    .bss.uwTick         stm32h7xx_hal.o
    0x240001a8        -       0x00000200   Zero   RW            2    HEAP                startup_stm32h743xx.o
    0x240003a8        -       0x00000400   Zero   RW            1    STACK               startup_stm32h743xx.o


==============================================================================

Image component sizes


      Code (inc. data)   RO Data    RW Data    ZI Data      Debug   Object Name

      1060          0          0          0         65       5304   ade7978.o
       102          0          0          0          0       2746   gpio.o
       280          0          0          0         76      10978   i2c.o
       420          0          0          0         25       6599   main.o
       310          0          0          0        136      11210   spi.o
        64         26        664          0       1536        824   startup_stm32h743xx.o
       276          0          0          5          4      14634   stm32h7xx_hal.o
       260          0          0          0          0      12240   stm32h7xx_hal_cortex.o
       692          0          0          0          0      17626   stm32h7xx_hal_dma.o
       442          0          0          0          0       6828   stm32h7xx_hal_gpio.o
      4948         50          0          0          0      39455   stm32h7xx_hal_i2c.o
       146          0          0          0          0       7400   stm32h7xx_hal_i2c_ex.o
        32          0          0          0          0       2194   stm32h7xx_hal_msp.o
        72          0          0          0          0      10373   stm32h7xx_hal_pwr_ex.o
      2080         16          0          0          0      11164   stm32h7xx_hal_rcc.o
      2972         90          0          0          0      16836   stm32h7xx_hal_rcc_ex.o
      2114          0          0          0          0      21419   stm32h7xx_hal_spi.o
        72          0          0          0          0       1289   stm32h7xx_it.o
       218          0         16          8          0       5807   system_stm32h7xx.o

    ----------------------------------------------------------------------
     16928        182        714         16       1848     204926   Object Totals
         0          0         32          0          0          0   (incl. Generated)
       368          0          2          3          6          0   (incl. Padding)

    ----------------------------------------------------------------------

      Code (inc. data)   RO Data    RW Data    ZI Data      Debug   Library Member Name

         8          0          0          0          0         68   __main.o
         0          0          0          0          0          0   __rtentry.o
        12          0          0          0          0          0   __rtentry2.o
         6          0          0          0          0          0   __rtentry4.o
        52          8          0          0          0          0   __scatter.o
        26          0          0          0          0          0   __scatter_copy.o
        28          0          0          0          0          0   __scatter_zi.o
        18          0          0          0          0         80   exit.o
         6          0          0          0          0        152   heapauxi.o
         0          0          0          0          0          0   indicate_semi.o
         2          0          0          0          0          0   libinit.o
         6          0          0          0          0          0   libinit2.o
         2          0          0          0          0          0   libshutdown.o
         2          0          0          0          0          0   libshutdown2.o
         8          4          0          0         96         68   libspace.o
        78          0          0          0          0         80   rt_memclr_w.o
         2          0          0          0          0          0   rtexit.o
        10          0          0          0          0          0   rtexit2.o
        12          4          0          0          0         68   sys_exit.o
        74          0          0          0          0         80   sys_stackheap_outer.o
         2          0          0          0          0         68   use_no_semi.o
        26          0          0          0          0        116   fpinit.o

    ----------------------------------------------------------------------
       386         16          0          0         96        780   Library Totals
         6          0          0          0          0          0   (incl. Padding)

    ----------------------------------------------------------------------

      Code (inc. data)   RO Data    RW Data    ZI Data      Debug   Library Name

       354         16          0          0         96        664   c_w.l
        26          0          0          0          0        116   fz_wv.l

    ----------------------------------------------------------------------
       386         16          0          0         96        780   Library Totals

    ----------------------------------------------------------------------

==============================================================================


      Code (inc. data)   RO Data    RW Data    ZI Data      Debug   

     17314        198        714         16       1944     205226   Grand Totals
     17314        198        714         16       1944     205226   ELF Image Totals
     17314        198        714         16          0          0   ROM Totals

==============================================================================

    Total RO  Size (Code + RO Data)                18028 (  17.61kB)
    Total RW  Size (RW Data + ZI Data)              1960 (   1.91kB)
    Total ROM Size (Code + RO Data + RW Data)      18044 (  17.62kB)

==============================================================================

